Archive member included to satisfy reference by file (symbol)

c:/environment/armgcc/bin/../lib/gcc/arm-none-eabi/10.3.1/../../../../arm-none-eabi/lib/thumb/v7e-m+fp/hard\libstdc++_nano.a(del_ops.o)
                              CMakeFiles/PIDStick2.dir/Core/Src/mpu6500/MPU9250_I2C.cpp.obj (operator delete(void*, unsigned int))
c:/environment/armgcc/bin/../lib/gcc/arm-none-eabi/10.3.1/../../../../arm-none-eabi/lib/thumb/v7e-m+fp/hard\libstdc++_nano.a(new_op.o)
                              CMakeFiles/PIDStick2.dir/Core/Src/mpu6500/MPU9250_I2C.cpp.obj (operator new(unsigned int))
c:/environment/armgcc/bin/../lib/gcc/arm-none-eabi/10.3.1/../../../../arm-none-eabi/lib/thumb/v7e-m+fp/hard\libstdc++_nano.a(del_op.o)
                              c:/environment/armgcc/bin/../lib/gcc/arm-none-eabi/10.3.1/../../../../arm-none-eabi/lib/thumb/v7e-m+fp/hard\libstdc++_nano.a(del_ops.o) (operator delete(void*))
c:/environment/armgcc/bin/../lib/gcc/arm-none-eabi/10.3.1/../../../../arm-none-eabi/lib/thumb/v7e-m+fp/hard\libstdc++_nano.a(new_handler.o)
                              c:/environment/armgcc/bin/../lib/gcc/arm-none-eabi/10.3.1/../../../../arm-none-eabi/lib/thumb/v7e-m+fp/hard\libstdc++_nano.a(new_op.o) (std::get_new_handler())
c:/environment/armgcc/bin/../lib/gcc/arm-none-eabi/10.3.1/../../../../arm-none-eabi/lib/thumb/v7e-m+fp/hard\libm.a(lib_a-s_cos.o)
                              CMakeFiles/PIDStick2.dir/Core/Src/main.c.obj (cos)
c:/environment/armgcc/bin/../lib/gcc/arm-none-eabi/10.3.1/../../../../arm-none-eabi/lib/thumb/v7e-m+fp/hard\libm.a(lib_a-sf_round.o)
                              CMakeFiles/PIDStick2.dir/Core/Src/mpu6500/MPU9250_I2C.cpp.obj (roundf)
c:/environment/armgcc/bin/../lib/gcc/arm-none-eabi/10.3.1/../../../../arm-none-eabi/lib/thumb/v7e-m+fp/hard\libm.a(lib_a-wf_asin.o)
                              CMakeFiles/PIDStick2.dir/Core/Src/motion/EKF.c.obj (asinf)
c:/environment/armgcc/bin/../lib/gcc/arm-none-eabi/10.3.1/../../../../arm-none-eabi/lib/thumb/v7e-m+fp/hard\libm.a(lib_a-wf_atan2.o)
                              CMakeFiles/PIDStick2.dir/Core/Src/motion/EKF.c.obj (atan2f)
c:/environment/armgcc/bin/../lib/gcc/arm-none-eabi/10.3.1/../../../../arm-none-eabi/lib/thumb/v7e-m+fp/hard\libm.a(lib_a-wf_pow.o)
                              CMakeFiles/PIDStick2.dir/Core/Src/motion/EKF.c.obj (powf)
c:/environment/armgcc/bin/../lib/gcc/arm-none-eabi/10.3.1/../../../../arm-none-eabi/lib/thumb/v7e-m+fp/hard\libm.a(lib_a-wf_sqrt.o)
                              CMakeFiles/PIDStick2.dir/Core/Src/motion/EKF.c.obj (sqrtf)
c:/environment/armgcc/bin/../lib/gcc/arm-none-eabi/10.3.1/../../../../arm-none-eabi/lib/thumb/v7e-m+fp/hard\libm.a(lib_a-e_rem_pio2.o)
                              c:/environment/armgcc/bin/../lib/gcc/arm-none-eabi/10.3.1/../../../../arm-none-eabi/lib/thumb/v7e-m+fp/hard\libm.a(lib_a-s_cos.o) (__ieee754_rem_pio2)
c:/environment/armgcc/bin/../lib/gcc/arm-none-eabi/10.3.1/../../../../arm-none-eabi/lib/thumb/v7e-m+fp/hard\libm.a(lib_a-ef_asin.o)
                              c:/environment/armgcc/bin/../lib/gcc/arm-none-eabi/10.3.1/../../../../arm-none-eabi/lib/thumb/v7e-m+fp/hard\libm.a(lib_a-wf_asin.o) (__ieee754_asinf)
c:/environment/armgcc/bin/../lib/gcc/arm-none-eabi/10.3.1/../../../../arm-none-eabi/lib/thumb/v7e-m+fp/hard\libm.a(lib_a-ef_atan2.o)
                              c:/environment/armgcc/bin/../lib/gcc/arm-none-eabi/10.3.1/../../../../arm-none-eabi/lib/thumb/v7e-m+fp/hard\libm.a(lib_a-wf_atan2.o) (__ieee754_atan2f)
c:/environment/armgcc/bin/../lib/gcc/arm-none-eabi/10.3.1/../../../../arm-none-eabi/lib/thumb/v7e-m+fp/hard\libm.a(lib_a-ef_pow.o)
                              c:/environment/armgcc/bin/../lib/gcc/arm-none-eabi/10.3.1/../../../../arm-none-eabi/lib/thumb/v7e-m+fp/hard\libm.a(lib_a-wf_pow.o) (__ieee754_powf)
c:/environment/armgcc/bin/../lib/gcc/arm-none-eabi/10.3.1/../../../../arm-none-eabi/lib/thumb/v7e-m+fp/hard\libm.a(lib_a-ef_sqrt.o)
                              c:/environment/armgcc/bin/../lib/gcc/arm-none-eabi/10.3.1/../../../../arm-none-eabi/lib/thumb/v7e-m+fp/hard\libm.a(lib_a-wf_sqrt.o) (__ieee754_sqrtf)
c:/environment/armgcc/bin/../lib/gcc/arm-none-eabi/10.3.1/../../../../arm-none-eabi/lib/thumb/v7e-m+fp/hard\libm.a(lib_a-k_cos.o)
                              c:/environment/armgcc/bin/../lib/gcc/arm-none-eabi/10.3.1/../../../../arm-none-eabi/lib/thumb/v7e-m+fp/hard\libm.a(lib_a-s_cos.o) (__kernel_cos)
c:/environment/armgcc/bin/../lib/gcc/arm-none-eabi/10.3.1/../../../../arm-none-eabi/lib/thumb/v7e-m+fp/hard\libm.a(lib_a-k_rem_pio2.o)
                              c:/environment/armgcc/bin/../lib/gcc/arm-none-eabi/10.3.1/../../../../arm-none-eabi/lib/thumb/v7e-m+fp/hard\libm.a(lib_a-e_rem_pio2.o) (__kernel_rem_pio2)
c:/environment/armgcc/bin/../lib/gcc/arm-none-eabi/10.3.1/../../../../arm-none-eabi/lib/thumb/v7e-m+fp/hard\libm.a(lib_a-k_sin.o)
[...]
Memory Configuration

Name             Origin             Length             Attributes
RAM              0x20000000         0x00010000         xrw
FLASH            0x08000000         0x00040000         xr
*default*        0x00000000         0xffffffff

Linker script and memory map

LOAD c:/environment/armgcc/bin/../lib/gcc/arm-none-eabi/10.3.1/thumb/v7e-m+fp/hard/crti.o
LOAD c:/environment/armgcc/bin/../lib/gcc/arm-none-eabi/10.3.1/thumb/v7e-m+fp/hard/crtbegin.o
LOAD c:/environment/armgcc/bin/../lib/gcc/arm-none-eabi/10.3.1/../../../../arm-none-eabi/lib/thumb/v7e-m+fp/hard/crt0.o
START GROUP
END GROUP
START GROUP
LOAD c:/environment/armgcc/bin/../lib/gcc/arm-none-eabi/10.3.1/../../../../arm-none-eabi/lib/thumb/v7e-m+fp/hard\libstdc++_nano.a
LOAD c:/environment/armgcc/bin/../lib/gcc/arm-none-eabi/10.3.1/../../../../arm-none-eabi/lib/thumb/v7e-m+fp/hard\libsupc++_nano.a
END GROUP
LOAD CMakeFiles/PIDStick2.dir/Core/Src/drv8833.c.obj
LOAD CMakeFiles/PIDStick2.dir/Core/Src/key.c.obj
LOAD CMakeFiles/PIDStick2.dir/Core/Src/motion/EKF.c.obj
LOAD CMakeFiles/PIDStick2.dir/Core/Src/motion/motion_interface.c.obj
LOAD CMakeFiles/PIDStick2.dir/Core/Src/mpu6500/MPU9250_I2C.cpp.obj
LOAD CMakeFiles/PIDStick2.dir/Core/Src/main.c.obj
LOAD CMakeFiles/PIDStick2.dir/Core/Src/gpio.c.obj
LOAD CMakeFiles/PIDStick2.dir/Core/Src/dma.c.obj
LOAD CMakeFiles/PIDStick2.dir/Core/Src/i2c.c.obj
LOAD CMakeFiles/PIDStick2.dir/Core/Src/tim.c.obj
LOAD CMakeFiles/PIDStick2.dir/Core/Src/usart.c.obj
LOAD CMakeFiles/PIDStick2.dir/Core/Src/stm32f4xx_it.c.obj
LOAD CMakeFiles/PIDStick2.dir/Core/Src/stm32f4xx_hal_msp.c.obj
LOAD CMakeFiles/PIDStick2.dir/Drivers/STM32F4xx_HAL_Driver/Src/stm32f4xx_hal_i2c.c.obj
LOAD CMakeFiles/PIDStick2.dir/Drivers/STM32F4xx_HAL_Driver/Src/stm32f4xx_hal_i2c_ex.c.obj
LOAD CMakeFiles/PIDStick2.dir/Drivers/STM32F4xx_HAL_Driver/Src/stm32f4xx_hal_rcc.c.obj
LOAD CMakeFiles/PIDStick2.dir/Drivers/STM32F4xx_HAL_Driver/Src/stm32f4xx_hal_rcc_ex.c.obj
LOAD CMakeFiles/PIDStick2.dir/Drivers/STM32F4xx_HAL_Driver/Src/stm32f4xx_hal_flash.c.obj
LOAD CMakeFiles/PIDStick2.dir/Drivers/STM32F4xx_HAL_Driver/Src/stm32f4xx_hal_flash_ex.c.obj
LOAD CMakeFiles/PIDStick2.dir/Drivers/STM32F4xx_HAL_Driver/Src/stm32f4xx_hal_flash_ramfunc.c.obj
LOAD CMakeFiles/PIDStick2.dir/Drivers/STM32F4xx_HAL_Driver/Src/stm32f4xx_hal_gpio.c.obj
LOAD CMakeFiles/PIDStick2.dir/Drivers/STM32F4xx_HAL_Driver/Src/stm32f4xx_hal_dma_ex.c.obj
LOAD CMakeFiles/PIDStick2.dir/Drivers/STM32F4xx_HAL_Driver/Src/stm32f4xx_hal_dma.c.obj
LOAD CMakeFiles/PIDStick2.dir/Drivers/STM32F4xx_HAL_Driver/Src/stm32f4xx_hal_pwr.c.obj
LOAD CMakeFiles/PIDStick2.dir/Drivers/STM32F4xx_HAL_Driver/Src/stm32f4xx_hal_pwr_ex.c.obj
LOAD CMakeFiles/PIDStick2.dir/Drivers/STM32F4xx_HAL_Driver/Src/stm32f4xx_hal_cortex.c.obj
LOAD CMakeFiles/PIDStick2.dir/Drivers/STM32F4xx_HAL_Driver/Src/stm32f4xx_hal.c.obj
LOAD CMakeFiles/PIDStick2.dir/Drivers/STM32F4xx_HAL_Driver/Src/stm32f4xx_hal_exti.c.obj
LOAD CMakeFiles/PIDStick2.dir/Drivers/STM32F4xx_HAL_Driver/Src/stm32f4xx_hal_tim.c.obj
LOAD CMakeFiles/PIDStick2.dir/Drivers/STM32F4xx_HAL_Driver/Src/stm32f4xx_hal_tim_ex.c.obj
LOAD CMakeFiles/PIDStick2.dir/Drivers/STM32F4xx_HAL_Driver/Src/stm32f4xx_hal_uart.c.obj
LOAD CMakeFiles/PIDStick2.dir/Core/Src/system_stm32f4xx.c.obj
LOAD CMakeFiles/PIDStick2.dir/Core/Src/sysmem.c.obj
LOAD CMakeFiles/PIDStick2.dir/Core/Src/syscalls.c.obj
LOAD CMakeFiles/PIDStick2.dir/startup_stm32f401xc.s.obj
LOAD c:/environment/armgcc/bin/../lib/gcc/arm-none-eabi/10.3.1/../../../../arm-none-eabi/lib/thumb/v7e-m+fp/hard\libstdc++_nano.a
LOAD c:/environment/armgcc/bin/../lib/gcc/arm-none-eabi/10.3.1/../../../../arm-none-eabi/lib/thumb/v7e-m+fp/hard\libm.a
LOAD c:/environment/armgcc/bin/../lib/gcc/arm-none-eabi/10.3.1/../../../../arm-none-eabi/lib/thumb/v7e-m+fp/hard\libc_nano.a
START GROUP
LOAD c:/environment/armgcc/bin/../lib/gcc/arm-none-eabi/10.3.1/thumb/v7e-m+fp/hard\libgcc.a
LOAD c:/environment/armgcc/bin/../lib/gcc/arm-none-eabi/10.3.1/../../../../arm-none-eabi/lib/thumb/v7e-m+fp/hard\libg_nano.a
LOAD c:/environment/armgcc/bin/../lib/gcc/arm-none-eabi/10.3.1/../../../../arm-none-eabi/lib/thumb/v7e-m+fp/hard\libc_nano.a
END GROUP
START GROUP
LOAD c:/environment/armgcc/bin/../lib/gcc/arm-none-eabi/10.3.1/thumb/v7e-m+fp/hard\libgcc.a
LOAD c:/environment/armgcc/bin/../lib/gcc/arm-none-eabi/10.3.1/../../../../arm-none-eabi/lib/thumb/v7e-m+fp/hard\libc_nano.a
END GROUP
LOAD c:/environment/armgcc/bin/../lib/gcc/arm-none-eabi/10.3.1/thumb/v7e-m+fp/hard/crtend.o
LOAD c:/environment/armgcc/bin/../lib/gcc/arm-none-eabi/10.3.1/thumb/v7e-m+fp/hard/crtn.o
                0x20010000                _estack = (ORIGIN (RAM) + LENGTH (RAM))
                0x00000200                _Min_Heap_Size = 0x200
                0x00000400                _Min_Stack_Size = 0x400

.isr_vector     0x08000000      0x194
                0x08000000                . = ALIGN (0x4)
 *(.isr_vector)
 .isr_vector    0x08000000      0x194 CMakeFiles/PIDStick2.dir/startup_stm32f401xc.s.obj
                0x08000000                g_pfnVectors
                0x08000194                . = ALIGN (0x4)

.text           0x080001a0     0xebbc
                0x080001a0                . = ALIGN (0x4)
 *(.text)
 .text          0x080001a0       0x40 c:/environment/armgcc/bin/../lib/gcc/arm-none-eabi/10.3.1/thumb/v7e-m+fp/hard/crtbegin.o
 .text          0x080001e0       0x10 c:/environment/armgcc/bin/../lib/gcc/arm-none-eabi/10.3.1/../../../../arm-none-eabi/lib/thumb/v7e-m+fp/hard\libc_nano.a(lib_a-strlen.o)
                0x080001e0                strlen
 .text          0x080001f0       0xa0 c:/environment/armgcc/bin/../lib/gcc/arm-none-eabi/10.3.1/../../../../arm-none-eabi/lib/thumb/v7e-m+fp/hard\libc_nano.a(lib_a-memchr.o)
                0x080001f0                memchr
 .text          0x08000290      0x378 c:/environment/armgcc/bin/../lib/gcc/arm-none-eabi/10.3.1/thumb/v7e-m+fp/hard\libgcc.a(_arm_addsubdf3.o)
                0x08000290                __aeabi_drsub
                0x08000298                __aeabi_dsub
                0x08000298                __subdf3
                0x0800029c                __aeabi_dadd
                0x0800029c                __adddf3
                0x08000514                __floatunsidf
                0x08000514                __aeabi_ui2d
                0x08000534                __floatsidf
                0x08000534                __aeabi_i2d
                0x08000558                __aeabi_f2d
                0x08000558                __extendsfdf2
                0x0800059c                __floatundidf
                0x0800059c                __aeabi_ul2d
                0x080005ac                __floatdidf
                0x080005ac                __aeabi_l2d
 .text          0x08000608      0x424 c:/environment/armgcc/bin/../lib/gcc/arm-none-eabi/10.3.1/thumb/v7e-m+fp/hard\libgcc.a(_arm_muldivdf3.o)
                0x08000608                __aeabi_dmul
                0x08000608                __muldf3
                0x0800085c                __divdf3
                0x0800085c                __aeabi_ddiv
 .text          0x08000a2c      0x110 c:/environment/armgcc/bin/../lib/gcc/arm-none-eabi/10.3.1/thumb/v7e-m+fp/hard\libgcc.a(_arm_cmpdf2.o)
                0x08000a2c                __gtdf2
                0x08000a2c                __gedf2
                0x08000a34                __ltdf2
                0x08000a34                __ledf2
                0x08000a3c                __nedf2
                0x08000a3c                __eqdf2
                0x08000a3c                __cmpdf2
                0x08000ab8                __aeabi_cdrcmple
                0x08000ac8                __aeabi_cdcmpeq
                0x08000ac8                __aeabi_cdcmple
                0x08000ad8                __aeabi_dcmpeq
                0x08000aec                __aeabi_dcmplt
                0x08000b00                __aeabi_dcmple
                0x08000b14                __aeabi_dcmpge
                0x08000b28                __aeabi_dcmpgt
 .text          0x08000b3c       0x50 c:/environment/armgcc/bin/../lib/gcc/arm-none-eabi/10.3.1/thumb/v7e-m+fp/hard\libgcc.a(_arm_fixdfsi.o)
                0x08000b3c                __aeabi_d2iz
                0x08000b3c                __fixdfsi
 .text          0x08000b8c       0x40 c:/environment/armgcc/bin/../lib/gcc/arm-none-eabi/10.3.1/thumb/v7e-m+fp/hard\libgcc.a(_arm_fixunsdfsi.o)
                0x08000b8c                __aeabi_d2uiz
                0x08000b8c                __fixunsdfsi
 .text          0x08000bcc       0xa0 c:/environment/armgcc/bin/../lib/gcc/arm-none-eabi/10.3.1/thumb/v7e-m+fp/hard\libgcc.a(_arm_truncdfsf2.o)
                0x08000bcc                __truncdfsf2
                0x08000bcc                __aeabi_d2f
 .text          0x08000c6c      0x21c c:/environment/armgcc/bin/../lib/gcc/arm-none-eabi/10.3.1/thumb/v7e-m+fp/hard\libgcc.a(_arm_addsubsf3.o)
                0x08000c6c                __aeabi_frsub
                0x08000c74                __subsf3
                0x08000c74                __aeabi_fsub
                0x08000c78                __aeabi_fadd
                0x08000c78                __addsf3
                0x08000dd8                __aeabi_ui2f
                0x08000dd8                __floatunsisf
                0x08000de0                __aeabi_i2f
                0x08000de0                __floatsisf
                0x08000dfc                __aeabi_ul2f
                0x08000dfc                __floatundisf
                0x08000e0c                __aeabi_l2f
                0x08000e0c                __floatdisf
 .text          0x08000e88       0xa0 c:/environment/armgcc/bin/../lib/gcc/arm-none-eabi/10.3.1/thumb/v7e-m+fp/hard\libgcc.a(_aeabi_ldivmod.o)
                0x08000e88                __aeabi_ldivmod
 .text          0x08000f28       0x30 c:/environment/armgcc/bin/../lib/gcc/arm-none-eabi/10.3.1/thumb/v7e-m+fp/hard\libgcc.a(_aeabi_uldivmod.o)
                0x08000f28                __aeabi_uldivmod
 .text          0x08000f58      0x2d0 c:/environment/armgcc/bin/../lib/gcc/arm-none-eabi/10.3.1/thumb/v7e-m+fp/hard\libgcc.a(_udivmoddi4.o)
                0x08000f58                __udivmoddi4
 .text          0x08001228        0x4 c:/environment/armgcc/bin/../lib/gcc/arm-none-eabi/10.3.1/thumb/v7e-m+fp/hard\libgcc.a(_dvmd_tls.o)
                0x08001228                __aeabi_idiv0
                0x08001228                __aeabi_ldiv0
 *(.text*)
 .text.__SetIn1PWM
                0x0800122c       0x24 CMakeFiles/PIDStick2.dir/Core/Src/drv8833.c.obj
 .text.__SetIn2PWM
                0x08001250       0x24 CMakeFiles/PIDStick2.dir/Core/Src/drv8833.c.obj
 .text.DRV8833_Init
                0x08001274       0x1c CMakeFiles/PIDStick2.dir/Core/Src/drv8833.c.obj
                0x08001274                DRV8833_Init
 .text.motor1_Forward
                0x08001290       0x4c CMakeFiles/PIDStick2.dir/Core/Src/drv8833.c.obj
                0x08001290                motor1_Forward
 .text.motor1_Backward
                0x080012dc       0x4c CMakeFiles/PIDStick2.dir/Core/Src/drv8833.c.obj
                0x080012dc                motor1_Backward
 .text.motor1__Coast
                0x08001328       0x14 CMakeFiles/PIDStick2.dir/Core/Src/drv8833.c.obj
                0x08001328                motor1__Coast
 *fill*         0x0800133c        0x4 
 .text.DRV8833_Control
                0x08001340       0xa8 CMakeFiles/PIDStick2.dir/Core/Src/drv8833.c.obj
                0x08001340                DRV8833_Control
 .text.KEY_Init
                0x080013e8       0x2a CMakeFiles/PIDStick2.dir/Core/Src/key.c.obj
                0x080013e8                KEY_Init
 *fill*         0x08001412        0x2 
 .text.KEY_FIFO_Init
                0x08001414       0x9c CMakeFiles/PIDStick2.dir/Core/Src/key.c.obj
 .text.IsKey1Down
                0x080014b0       0x20 CMakeFiles/PIDStick2.dir/Core/Src/key.c.obj
 .text.IsKey2Down
                0x080014d0       0x20 CMakeFiles/PIDStick2.dir/Core/Src/key.c.obj
 .text.IsKey3Down
                0x080014f0       0x20 CMakeFiles/PIDStick2.dir/Core/Src/key.c.obj
 .text.KEY_FIFO_Put
                0x08001510       0x40 CMakeFiles/PIDStick2.dir/Core/Src/key.c.obj
                0x08001510                KEY_FIFO_Put
 .text.KEY_FIFO_Get
                0x08001550       0x50 CMakeFiles/PIDStick2.dir/Core/Src/key.c.obj
                0x08001550                KEY_FIFO_Get
 .text.KEY_SetParam
                0x080015a0       0x4c CMakeFiles/PIDStick2.dir/Core/Src/key.c.obj
                0x080015a0                KEY_SetParam
 .text.KEY_Scan
                0x080015ec       0x2a CMakeFiles/PIDStick2.dir/Core/Src/key.c.obj
                0x080015ec                KEY_Scan
 *fill*         0x08001616        0x2 
 .text.KEY_Detect
                0x08001618      0x148 CMakeFiles/PIDStick2.dir/Core/Src/key.c.obj
 .text.EKF_init
                0x08001760      0x216 CMakeFiles/PIDStick2.dir/Core/Src/motion/EKF.c.obj
                0x08001760                EKF_init
 .text.EKF_update
                0x08001976     0x14a4 CMakeFiles/PIDStick2.dir/Core/Src/motion/EKF.c.obj
                0x08001976                EKF_update
 .text.inverse_matrix
                0x08002e1a      0x256 CMakeFiles/PIDStick2.dir/Core/Src/motion/EKF.c.obj
                0x08002e1a                inverse_matrix
 .text.EKFquaternionToEuler
                0x08003070      0x198 CMakeFiles/PIDStick2.dir/Core/Src/motion/EKF.c.obj
                0x08003070                EKFquaternionToEuler
 .text.fusion_init
                0x08003208       0x34 CMakeFiles/PIDStick2.dir/Core/Src/motion/motion_interface.c.obj
                0x08003208                fusion_init
 .text.fusion_cali
                0x0800323c      0x150 CMakeFiles/PIDStick2.dir/Core/Src/motion/motion_interface.c.obj
                0x0800323c                fusion_cali
 .text.fusion_update
                0x0800338c      0x348 CMakeFiles/PIDStick2.dir/Core/Src/motion/motion_interface.c.obj
                0x0800338c                fusion_update
 .text._Zli2_sy
                0x080036d4       0x24 CMakeFiles/PIDStick2.dir/Core/Src/mpu6500/MPU9250_I2C.cpp.obj
                0x080036d4                operator"" _s(unsigned long long)
 .text._Zli3_msy
                0x080036f8       0x20 CMakeFiles/PIDStick2.dir/Core/Src/mpu6500/MPU9250_I2C.cpp.obj
                0x080036f8                operator"" _ms(unsigned long long)
 .text._ZN4math3minIjEET_S1_S1_
                0x08003718       0x24 CMakeFiles/PIDStick2.dir/Core/Src/mpu6500/MPU9250_I2C.cpp.obj
                0x08003718                unsigned int math::min<unsigned int>(unsigned int, unsigned int)
 .text._ZN11MPU9250_I2C7PX4_LOGEPKcz
                0x0800373c       0x18 CMakeFiles/PIDStick2.dir/Core/Src/mpu6500/MPU9250_I2C.cpp.obj
                0x0800373c                MPU9250_I2C::PX4_LOG(char const*, ...)
 .text._ZN11MPU9250_I2C17hrt_absolute_timeEv
                0x08003754       0x1c CMakeFiles/PIDStick2.dir/Core/Src/mpu6500/MPU9250_I2C.cpp.obj
                0x08003754                MPU9250_I2C::hrt_absolute_time()
 .text._ZN11MPU9250_I2C16hrt_elapsed_timeEPKm
                0x08003770       0x20 CMakeFiles/PIDStick2.dir/Core/Src/mpu6500/MPU9250_I2C.cpp.obj
                0x08003770                MPU9250_I2C::hrt_elapsed_time(unsigned long const*)
 .text._ZN11MPU9250_I2C8us_delayEm
                0x08003790       0x38 CMakeFiles/PIDStick2.dir/Core/Src/mpu6500/MPU9250_I2C.cpp.obj
                0x08003790                MPU9250_I2C::us_delay(unsigned long)
 .text._ZN11MPU9250_I2C8transferEPKhjPhj
                0x080037c8       0x5c CMakeFiles/PIDStick2.dir/Core/Src/mpu6500/MPU9250_I2C.cpp.obj
                0x080037c8                MPU9250_I2C::transfer(unsigned char const*, unsigned int, unsigned char*, unsigned int)
 .text._ZL7combinehh
                0x08003824       0x2a CMakeFiles/PIDStick2.dir/Core/Src/mpu6500/MPU9250_I2C.cpp.obj
 *fill*         0x0800384e        0x2 
 .text._ZN11MPU9250_I2CC2Ev
                0x08003850       0xb0 CMakeFiles/PIDStick2.dir/Core/Src/mpu6500/MPU9250_I2C.cpp.obj
                0x08003850                MPU9250_I2C::MPU9250_I2C()
                0x08003850                MPU9250_I2C::MPU9250_I2C()
 .text._ZN11MPU9250_I2C4initEP17I2C_HandleTypeDefP17TIM_HandleTypeDefP19sensor_accel_fifo_sP18sensor_gyro_fifo_s
                0x08003900       0x42 CMakeFiles/PIDStick2.dir/Core/Src/mpu6500/MPU9250_I2C.cpp.obj
                0x08003900                MPU9250_I2C::init(I2C_HandleTypeDef*, TIM_HandleTypeDef*, sensor_accel_fifo_s*, sensor_gyro_fifo_s*)
 .text._ZN11MPU9250_I2C5ResetEv
                0x08003942       0x20 CMakeFiles/PIDStick2.dir/Core/Src/mpu6500/MPU9250_I2C.cpp.obj
                0x08003942                MPU9250_I2C::Reset()
 .text._ZN11MPU9250_I2C12print_statusEv
                0x08003962       0x1a CMakeFiles/PIDStick2.dir/Core/Src/mpu6500/MPU9250_I2C.cpp.obj
                0x08003962                MPU9250_I2C::print_status()
 .text._ZN11MPU9250_I2C7RunImplEv
                0x0800397c      0x3bc CMakeFiles/PIDStick2.dir/Core/Src/mpu6500/MPU9250_I2C.cpp.obj
                0x0800397c                MPU9250_I2C::RunImpl()
 .text._ZN11MPU9250_I2C14ConfigureAccelEv
                0x08003d38       0xe8 CMakeFiles/PIDStick2.dir/Core/Src/mpu6500/MPU9250_I2C.cpp.obj
                0x08003d38                MPU9250_I2C::ConfigureAccel()
 .text._ZN11MPU9250_I2C13ConfigureGyroEv
                0x08003e20       0xf4 CMakeFiles/PIDStick2.dir/Core/Src/mpu6500/MPU9250_I2C.cpp.obj
                0x08003e20                MPU9250_I2C::ConfigureGyro()
 .text._ZN11MPU9250_I2C19ConfigureSampleRateEi
                0x08003f14       0xd8 CMakeFiles/PIDStick2.dir/Core/Src/mpu6500/MPU9250_I2C.cpp.obj
                0x08003f14                MPU9250_I2C::ConfigureSampleRate(int)
 .text._ZN11MPU9250_I2C9ConfigureEv
                0x08003fec       0x9a CMakeFiles/PIDStick2.dir/Core/Src/mpu6500/MPU9250_I2C.cpp.obj
                0x08003fec                MPU9250_I2C::Configure()
 .text._ZN11MPU9250_I2C27DataReadyInterruptConfigureEv
                0x08004086       0x16 CMakeFiles/PIDStick2.dir/Core/Src/mpu6500/MPU9250_I2C.cpp.obj
                0x08004086                MPU9250_I2C::DataReadyInterruptConfigure()
 .text._ZN11MPU9250_I2C25DataReadyInterruptDisableEv
                0x0800409c       0x16 CMakeFiles/PIDStick2.dir/Core/Src/mpu6500/MPU9250_I2C.cpp.obj
                0x0800409c                MPU9250_I2C::DataReadyInterruptDisable()
 *fill*         0x080040b2        0x2 
 .text._ZN11MPU9250_I2C13RegisterCheckERKNS_17register_config_tE
                0x080040b4       0x9c CMakeFiles/PIDStick2.dir/Core/Src/mpu6500/MPU9250_I2C.cpp.obj
                0x080040b4                MPU9250_I2C::RegisterCheck(MPU9250_I2C::register_config_t const&)
 .text._ZN11MPU9250_I2C12RegisterReadEN18InvenSense_MPU92508RegisterE
                0x08004150       0x32 CMakeFiles/PIDStick2.dir/Core/Src/mpu6500/MPU9250_I2C.cpp.obj
                0x08004150                MPU9250_I2C::RegisterRead(InvenSense_MPU9250::Register)
 .text._ZN11MPU9250_I2C13RegisterWriteEN18InvenSense_MPU92508RegisterEh
                0x08004182       0x32 CMakeFiles/PIDStick2.dir/Core/Src/mpu6500/MPU9250_I2C.cpp.obj
                0x08004182                MPU9250_I2C::RegisterWrite(InvenSense_MPU9250::Register, unsigned char)
 .text._ZN11MPU9250_I2C23RegisterSetAndClearBitsEN18InvenSense_MPU92508RegisterEhh
                0x080041b4       0x5e CMakeFiles/PIDStick2.dir/Core/Src/mpu6500/MPU9250_I2C.cpp.obj
                0x080041b4                MPU9250_I2C::RegisterSetAndClearBits(InvenSense_MPU9250::Register, unsigned char, unsigned char)
 .text._ZN11MPU9250_I2C13FIFOReadCountEv
                0x08004212       0x50 CMakeFiles/PIDStick2.dir/Core/Src/mpu6500/MPU9250_I2C.cpp.obj
                0x08004212                MPU9250_I2C::FIFOReadCount()
 .text._ZN11MPU9250_I2C8FIFOReadERKmh
                0x08004262       0xee CMakeFiles/PIDStick2.dir/Core/Src/mpu6500/MPU9250_I2C.cpp.obj
                0x08004262                MPU9250_I2C::FIFORead(unsigned long const&, unsigned char)
 .text._ZN11MPU9250_I2C9FIFOResetEv
                0x08004350       0x78 CMakeFiles/PIDStick2.dir/Core/Src/mpu6500/MPU9250_I2C.cpp.obj
                0x08004350                MPU9250_I2C::FIFOReset()
 .text._ZN11MPU9250_I2C12ProcessAccelERKmPKN18InvenSense_MPU92504FIFO4DATAEh
                0x080043c8      0x178 CMakeFiles/PIDStick2.dir/Core/Src/mpu6500/MPU9250_I2C.cpp.obj
                0x080043c8                MPU9250_I2C::ProcessAccel(unsigned long const&, InvenSense_MPU9250::FIFO::DATA const*, unsigned char)
 .text._ZN11MPU9250_I2C11ProcessGyroERKmPKN18InvenSense_MPU92504FIFO4DATAEh
                0x08004540      0x154 CMakeFiles/PIDStick2.dir/Core/Src/mpu6500/MPU9250_I2C.cpp.obj
                0x08004540                MPU9250_I2C::ProcessGyro(unsigned long const&, InvenSense_MPU9250::FIFO::DATA const*, unsigned char)
 .text._ZN11MPU9250_I2C17UpdateTemperatureEv
                0x08004694       0x74 CMakeFiles/PIDStick2.dir/Core/Src/mpu6500/MPU9250_I2C.cpp.obj
                0x08004694                MPU9250_I2C::UpdateTemperature()
 .text.mpu6500_init
                0x08004708       0x70 CMakeFiles/PIDStick2.dir/Core/Src/mpu6500/MPU9250_I2C.cpp.obj
                0x08004708                mpu6500_init
 .text.mpu6500_run
                0x08004778       0x20 CMakeFiles/PIDStick2.dir/Core/Src/mpu6500/MPU9250_I2C.cpp.obj
                0x08004778                mpu6500_run
 .text._ZN4math7radiansIfEET_S1_
                0x08004798       0x28 CMakeFiles/PIDStick2.dir/Core/Src/mpu6500/MPU9250_I2C.cpp.obj
                0x08004798                float math::radians<float>(float)
 .text._ZN4math3maxIfEET_S1_S1_
                0x080047c0       0x38 CMakeFiles/PIDStick2.dir/Core/Src/mpu6500/MPU9250_I2C.cpp.obj
                0x080047c0                float math::max<float>(float, float)
 .text._ZN4math3minIfEET_S1_S1_
                0x080047f8       0x38 CMakeFiles/PIDStick2.dir/Core/Src/mpu6500/MPU9250_I2C.cpp.obj
                0x080047f8                float math::min<float>(float, float)
 .text.printang
                0x08004830       0xd4 CMakeFiles/PIDStick2.dir/Core/Src/main.c.obj
                0x08004830                printang
 .text.PID_init
                0x08004904       0x50 CMakeFiles/PIDStick2.dir/Core/Src/main.c.obj
                0x08004904                PID_init
 .text.PID_reinit
                0x08004954       0x58 CMakeFiles/PIDStick2.dir/Core/Src/main.c.obj
                0x08004954                PID_reinit
 *fill*         0x080049ac        0x4 
 .text.PID_update
                0x080049b0      0x1d4 CMakeFiles/PIDStick2.dir/Core/Src/main.c.obj
                0x080049b0                PID_update
 .text.PID_updateDst
                0x08004b84       0x2c CMakeFiles/PIDStick2.dir/Core/Src/main.c.obj
                0x08004b84                PID_updateDst
 .text.HAL_TIM_PeriodElapsedCallback
                0x08004bb0      0x13c CMakeFiles/PIDStick2.dir/Core/Src/main.c.obj
                0x08004bb0                HAL_TIM_PeriodElapsedCallback
 .text.HAL_UARTEx_RxEventCallback
                0x08004cec      0x238 CMakeFiles/PIDStick2.dir/Core/Src/main.c.obj
                0x08004cec                HAL_UARTEx_RxEventCallback
 .text.main     0x08004f24      0x17c CMakeFiles/PIDStick2.dir/Core/Src/main.c.obj
                0x08004f24                main
 .text.SystemClock_Config
                0x080050a0       0xd4 CMakeFiles/PIDStick2.dir/Core/Src/main.c.obj
                0x080050a0                SystemClock_Config
 .text.Error_Handler
                0x08005174        0xa CMakeFiles/PIDStick2.dir/Core/Src/main.c.obj
                0x08005174                Error_Handler
 *fill*         0x0800517e        0x2 
 .text.MX_GPIO_Init
                0x08005180       0xdc CMakeFiles/PIDStick2.dir/Core/Src/gpio.c.obj
                0x08005180                MX_GPIO_Init
 .text.MX_DMA_Init
                0x0800525c       0x50 CMakeFiles/PIDStick2.dir/Core/Src/dma.c.obj
                0x0800525c                MX_DMA_Init
 .text.MX_I2C1_Init
                0x080052ac       0x5c CMakeFiles/PIDStick2.dir/Core/Src/i2c.c.obj
                0x080052ac                MX_I2C1_Init
 .text.HAL_I2C_MspInit
                0x08005308       0xb0 CMakeFiles/PIDStick2.dir/Core/Src/i2c.c.obj
                0x08005308                HAL_I2C_MspInit
 .text.MX_TIM2_Init
                0x080053b8      0x100 CMakeFiles/PIDStick2.dir/Core/Src/tim.c.obj
                0x080053b8                MX_TIM2_Init
 .text.MX_TIM5_Init
                0x080054b8       0x9c CMakeFiles/PIDStick2.dir/Core/Src/tim.c.obj
                0x080054b8                MX_TIM5_Init
 .text.HAL_TIM_Base_MspInit
                0x08005554       0xc8 CMakeFiles/PIDStick2.dir/Core/Src/tim.c.obj
                0x08005554                HAL_TIM_Base_MspInit
 .text.HAL_TIM_MspPostInit
                0x0800561c       0x70 CMakeFiles/PIDStick2.dir/Core/Src/tim.c.obj
                0x0800561c                HAL_TIM_MspPostInit
 .text.MX_USART1_UART_Init
                0x0800568c       0x54 CMakeFiles/PIDStick2.dir/Core/Src/usart.c.obj
                0x0800568c                MX_USART1_UART_Init
 .text.HAL_UART_MspInit
                0x080056e0      0x16c CMakeFiles/PIDStick2.dir/Core/Src/usart.c.obj
                0x080056e0                HAL_UART_MspInit
 .text.NMI_Handler
                0x0800584c        0x6 CMakeFiles/PIDStick2.dir/Core/Src/stm32f4xx_it.c.obj
                0x0800584c                NMI_Handler
 .text.HardFault_Handler
                0x08005852        0x6 CMakeFiles/PIDStick2.dir/Core/Src/stm32f4xx_it.c.obj
                0x08005852                HardFault_Handler
 .text.MemManage_Handler
                0x08005858        0x6 CMakeFiles/PIDStick2.dir/Core/Src/stm32f4xx_it.c.obj
                0x08005858                MemManage_Handler
 .text.BusFault_Handler
                0x0800585e        0x6 CMakeFiles/PIDStick2.dir/Core/Src/stm32f4xx_it.c.obj
                0x0800585e                BusFault_Handler
 .text.UsageFault_Handler
                0x08005864        0x6 CMakeFiles/PIDStick2.dir/Core/Src/stm32f4xx_it.c.obj
                0x08005864                UsageFault_Handler
 .text.SVC_Handler
                0x0800586a        0xe CMakeFiles/PIDStick2.dir/Core/Src/stm32f4xx_it.c.obj
                0x0800586a                SVC_Handler
 .text.DebugMon_Handler
                0x08005878        0xe CMakeFiles/PIDStick2.dir/Core/Src/stm32f4xx_it.c.obj
                0x08005878                DebugMon_Handler
 .text.PendSV_Handler
                0x08005886        0xe CMakeFiles/PIDStick2.dir/Core/Src/stm32f4xx_it.c.obj
                0x08005886                PendSV_Handler
 .text.SysTick_Handler
                0x08005894        0xc CMakeFiles/PIDStick2.dir/Core/Src/stm32f4xx_it.c.obj
                0x08005894                SysTick_Handler
 .text.I2C1_EV_IRQHandler
                0x080058a0       0x14 CMakeFiles/PIDStick2.dir/Core/Src/stm32f4xx_it.c.obj
                0x080058a0                I2C1_EV_IRQHandler
 .text.I2C1_ER_IRQHandler
                0x080058b4       0x14 CMakeFiles/PIDStick2.dir/Core/Src/stm32f4xx_it.c.obj
                0x080058b4                I2C1_ER_IRQHandler
 .text.USART1_IRQHandler
                0x080058c8       0x14 CMakeFiles/PIDStick2.dir/Core/Src/stm32f4xx_it.c.obj
                0x080058c8                USART1_IRQHandler
 .text.TIM5_IRQHandler
                0x080058dc       0x14 CMakeFiles/PIDStick2.dir/Core/Src/stm32f4xx_it.c.obj
                0x080058dc                TIM5_IRQHandler
 .text.DMA2_Stream2_IRQHandler
                0x080058f0       0x14 CMakeFiles/PIDStick2.dir/Core/Src/stm32f4xx_it.c.obj
                0x080058f0                DMA2_Stream2_IRQHandler
 .text.DMA2_Stream7_IRQHandler
                0x08005904       0x14 CMakeFiles/PIDStick2.dir/Core/Src/stm32f4xx_it.c.obj
                0x08005904                DMA2_Stream7_IRQHandler
 .text.HAL_MspInit
                0x08005918       0x50 CMakeFiles/PIDStick2.dir/Core/Src/stm32f4xx_hal_msp.c.obj
                0x08005918                HAL_MspInit
 .text.HAL_I2C_Init
                0x08005968      0x288 CMakeFiles/PIDStick2.dir/Drivers/STM32F4xx_HAL_Driver/Src/stm32f4xx_hal_i2c.c.obj
                0x08005968                HAL_I2C_Init
 .text.I2C_Flush_DR
                0x08005bf0       0x2a CMakeFiles/PIDStick2.dir/Drivers/STM32F4xx_HAL_Driver/Src/stm32f4xx_hal_i2c.c.obj
 *fill*         0x08005c1a        0x2 
 .text.HAL_I2C_Master_Transmit
                0x08005c1c      0x1fc CMakeFiles/PIDStick2.dir/Drivers/STM32F4xx_HAL_Driver/Src/stm32f4xx_hal_i2c.c.obj
                0x08005c1c                HAL_I2C_Master_Transmit
 .text.HAL_I2C_Mem_Read
                0x08005e18      0x464 CMakeFiles/PIDStick2.dir/Drivers/STM32F4xx_HAL_Driver/Src/stm32f4xx_hal_i2c.c.obj
                0x08005e18                HAL_I2C_Mem_Read
 .text.HAL_I2C_EV_IRQHandler
                0x0800627c      0x2e2 CMakeFiles/PIDStick2.dir/Drivers/STM32F4xx_HAL_Driver/Src/stm32f4xx_hal_i2c.c.obj
                0x0800627c                HAL_I2C_EV_IRQHandler
 .text.HAL_I2C_ER_IRQHandler
                0x0800655e      0x14e CMakeFiles/PIDStick2.dir/Drivers/STM32F4xx_HAL_Driver/Src/stm32f4xx_hal_i2c.c.obj
                0x0800655e                HAL_I2C_ER_IRQHandler
 .text.HAL_I2C_MasterTxCpltCallback
                0x080066ac       0x14 CMakeFiles/PIDStick2.dir/Drivers/STM32F4xx_HAL_Driver/Src/stm32f4xx_hal_i2c.c.obj
                0x080066ac                HAL_I2C_MasterTxCpltCallback
 .text.HAL_I2C_MasterRxCpltCallback
                0x080066c0       0x14 CMakeFiles/PIDStick2.dir/Drivers/STM32F4xx_HAL_Driver/Src/stm32f4xx_hal_i2c.c.obj
                0x080066c0                HAL_I2C_MasterRxCpltCallback
 .text.HAL_I2C_SlaveTxCpltCallback
                0x080066d4       0x14 CMakeFiles/PIDStick2.dir/Drivers/STM32F4xx_HAL_Driver/Src/stm32f4xx_hal_i2c.c.obj
                0x080066d4                HAL_I2C_SlaveTxCpltCallback
 .text.HAL_I2C_SlaveRxCpltCallback
                0x080066e8       0x14 CMakeFiles/PIDStick2.dir/Drivers/STM32F4xx_HAL_Driver/Src/stm32f4xx_hal_i2c.c.obj
                0x080066e8                HAL_I2C_SlaveRxCpltCallback
 .text.HAL_I2C_AddrCallback
                0x080066fc       0x1c CMakeFiles/PIDStick2.dir/Drivers/STM32F4xx_HAL_Driver/Src/stm32f4xx_hal_i2c.c.obj
                0x080066fc                HAL_I2C_AddrCallback
 .text.HAL_I2C_ListenCpltCallback
                0x08006718       0x14 CMakeFiles/PIDStick2.dir/Drivers/STM32F4xx_HAL_Driver/Src/stm32f4xx_hal_i2c.c.obj
                0x08006718                HAL_I2C_ListenCpltCallback
 .text.HAL_I2C_MemTxCpltCallback
                0x0800672c       0x14 CMakeFiles/PIDStick2.dir/Drivers/STM32F4xx_HAL_Driver/Src/stm32f4xx_hal_i2c.c.obj
                0x0800672c                HAL_I2C_MemTxCpltCallback
 .text.HAL_I2C_MemRxCpltCallback
                0x08006740       0x14 CMakeFiles/PIDStick2.dir/Drivers/STM32F4xx_HAL_Driver/Src/stm32f4xx_hal_i2c.c.obj
                0x08006740                HAL_I2C_MemRxCpltCallback
 .text.HAL_I2C_ErrorCallback
                0x08006754       0x14 CMakeFiles/PIDStick2.dir/Drivers/STM32F4xx_HAL_Driver/Src/stm32f4xx_hal_i2c.c.obj
                0x08006754                HAL_I2C_ErrorCallback
 .text.HAL_I2C_AbortCpltCallback
                0x08006768       0x14 CMakeFiles/PIDStick2.dir/Drivers/STM32F4xx_HAL_Driver/Src/stm32f4xx_hal_i2c.c.obj
                0x08006768                HAL_I2C_AbortCpltCallback
 .text.I2C_MasterTransmit_TXE
                0x0800677c      0x138 CMakeFiles/PIDStick2.dir/Drivers/STM32F4xx_HAL_Driver/Src/stm32f4xx_hal_i2c.c.obj
 .text.I2C_MasterTransmit_BTF
                0x080068b4       0xec CMakeFiles/PIDStick2.dir/Drivers/STM32F4xx_HAL_Driver/Src/stm32f4xx_hal_i2c.c.obj
 .text.I2C_MemoryTransmit_TXE_BTF
                0x080069a0      0x130 CMakeFiles/PIDStick2.dir/Drivers/STM32F4xx_HAL_Driver/Src/stm32f4xx_hal_i2c.c.obj
 .text.I2C_MasterReceive_RXNE
                0x08006ad0      0x190 CMakeFiles/PIDStick2.dir/Drivers/STM32F4xx_HAL_Driver/Src/stm32f4xx_hal_i2c.c.obj
 .text.I2C_MasterReceive_BTF
                0x08006c60      0x1ea CMakeFiles/PIDStick2.dir/Drivers/STM32F4xx_HAL_Driver/Src/stm32f4xx_hal_i2c.c.obj
 .text.I2C_Master_SB
                0x08006e4a      0x10c CMakeFiles/PIDStick2.dir/Drivers/STM32F4xx_HAL_Driver/Src/stm32f4xx_hal_i2c.c.obj
 .text.I2C_Master_ADD10
                0x08006f56       0x54 CMakeFiles/PIDStick2.dir/Drivers/STM32F4xx_HAL_Driver/Src/stm32f4xx_hal_i2c.c.obj
 .text.I2C_Master_ADDR
                0x08006faa      0x322 CMakeFiles/PIDStick2.dir/Drivers/STM32F4xx_HAL_Driver/Src/stm32f4xx_hal_i2c.c.obj
 .text.I2C_SlaveTransmit_TXE
                0x080072cc       0x7a CMakeFiles/PIDStick2.dir/Drivers/STM32F4xx_HAL_Driver/Src/stm32f4xx_hal_i2c.c.obj
 .text.I2C_SlaveTransmit_BTF
                0x08007346       0x42 CMakeFiles/PIDStick2.dir/Drivers/STM32F4xx_HAL_Driver/Src/stm32f4xx_hal_i2c.c.obj
 .text.I2C_SlaveReceive_RXNE
                0x08007388       0x7c CMakeFiles/PIDStick2.dir/Drivers/STM32F4xx_HAL_Driver/Src/stm32f4xx_hal_i2c.c.obj
 .text.I2C_SlaveReceive_BTF
                0x08007404       0x44 CMakeFiles/PIDStick2.dir/Drivers/STM32F4xx_HAL_Driver/Src/stm32f4xx_hal_i2c.c.obj
 .text.I2C_Slave_ADDR
                0x08007448       0x94 CMakeFiles/PIDStick2.dir/Drivers/STM32F4xx_HAL_Driver/Src/stm32f4xx_hal_i2c.c.obj
 .text.I2C_Slave_STOPF
                0x080074dc      0x260 CMakeFiles/PIDStick2.dir/Drivers/STM32F4xx_HAL_Driver/Src/stm32f4xx_hal_i2c.c.obj
 .text.I2C_Slave_AF
                0x0800773c       0xe8 CMakeFiles/PIDStick2.dir/Drivers/STM32F4xx_HAL_Driver/Src/stm32f4xx_hal_i2c.c.obj
 .text.I2C_ITError
                0x08007824      0x264 CMakeFiles/PIDStick2.dir/Drivers/STM32F4xx_HAL_Driver/Src/stm32f4xx_hal_i2c.c.obj
 .text.I2C_MasterRequestWrite
                0x08007a88      0x104 CMakeFiles/PIDStick2.dir/Drivers/STM32F4xx_HAL_Driver/Src/stm32f4xx_hal_i2c.c.obj
 .text.I2C_RequestMemoryRead
                0x08007b8c      0x1d0 CMakeFiles/PIDStick2.dir/Drivers/STM32F4xx_HAL_Driver/Src/stm32f4xx_hal_i2c.c.obj
 .text.I2C_DMAAbort
                0x08007d5c      0x150 CMakeFiles/PIDStick2.dir/Drivers/STM32F4xx_HAL_Driver/Src/stm32f4xx_hal_i2c.c.obj
 .text.I2C_WaitOnFlagUntilTimeout
                0x08007eac       0xf4 CMakeFiles/PIDStick2.dir/Drivers/STM32F4xx_HAL_Driver/Src/stm32f4xx_hal_i2c.c.obj
 .text.I2C_WaitOnMasterAddressFlagUntilTimeout
                0x08007fa0      0x140 CMakeFiles/PIDStick2.dir/Drivers/STM32F4xx_HAL_Driver/Src/stm32f4xx_hal_i2c.c.obj
 .text.I2C_WaitOnTXEFlagUntilTimeout
                0x080080e0       0x90 CMakeFiles/PIDStick2.dir/Drivers/STM32F4xx_HAL_Driver/Src/stm32f4xx_hal_i2c.c.obj
 .text.I2C_WaitOnBTFFlagUntilTimeout
                0x08008170       0x90 CMakeFiles/PIDStick2.dir/Drivers/STM32F4xx_HAL_Driver/Src/stm32f4xx_hal_i2c.c.obj
 .text.I2C_WaitOnSTOPRequestThroughIT
                0x08008200       0x64 CMakeFiles/PIDStick2.dir/Drivers/STM32F4xx_HAL_Driver/Src/stm32f4xx_hal_i2c.c.obj
 .text.I2C_WaitOnRXNEFlagUntilTimeout
                0x08008264       0xba CMakeFiles/PIDStick2.dir/Drivers/STM32F4xx_HAL_Driver/Src/stm32f4xx_hal_i2c.c.obj
 .text.I2C_IsAcknowledgeFailed
                0x0800831e       0x5e CMakeFiles/PIDStick2.dir/Drivers/STM32F4xx_HAL_Driver/Src/stm32f4xx_hal_i2c.c.obj
 .text.I2C_ConvertOtherXferOptions
                0x0800837c       0x36 CMakeFiles/PIDStick2.dir/Drivers/STM32F4xx_HAL_Driver/Src/stm32f4xx_hal_i2c.c.obj
 *fill*         0x080083b2        0x2 
 .text.HAL_RCC_OscConfig
                0x080083b4      0x4f0 CMakeFiles/PIDStick2.dir/Drivers/STM32F4xx_HAL_Driver/Src/stm32f4xx_hal_rcc.c.obj
                0x080083b4                HAL_RCC_OscConfig
 .text.HAL_RCC_ClockConfig
                0x080088a4      0x1cc CMakeFiles/PIDStick2.dir/Drivers/STM32F4xx_HAL_Driver/Src/stm32f4xx_hal_rcc.c.obj
                0x080088a4                HAL_RCC_ClockConfig
 .text.HAL_RCC_GetSysClockFreq
                0x08008a70      0x18c CMakeFiles/PIDStick2.dir/Drivers/STM32F4xx_HAL_Driver/Src/stm32f4xx_hal_rcc.c.obj
                0x08008a70                HAL_RCC_GetSysClockFreq
 .text.HAL_RCC_GetHCLKFreq
                0x08008bfc       0x18 CMakeFiles/PIDStick2.dir/Drivers/STM32F4xx_HAL_Driver/Src/stm32f4xx_hal_rcc.c.obj
                0x08008bfc                HAL_RCC_GetHCLKFreq
 .text.HAL_RCC_GetPCLK1Freq
                0x08008c14       0x28 CMakeFiles/PIDStick2.dir/Drivers/STM32F4xx_HAL_Driver/Src/stm32f4xx_hal_rcc.c.obj
                0x08008c14                HAL_RCC_GetPCLK1Freq
 .text.HAL_RCC_GetPCLK2Freq
                0x08008c3c       0x28 CMakeFiles/PIDStick2.dir/Drivers/STM32F4xx_HAL_Driver/Src/stm32f4xx_hal_rcc.c.obj
                0x08008c3c                HAL_RCC_GetPCLK2Freq
 .text.HAL_GPIO_Init
                0x08008c64      0x308 CMakeFiles/PIDStick2.dir/Drivers/STM32F4xx_HAL_Driver/Src/stm32f4xx_hal_gpio.c.obj
                0x08008c64                HAL_GPIO_Init
 .text.HAL_GPIO_ReadPin
                0x08008f6c       0x30 CMakeFiles/PIDStick2.dir/Drivers/STM32F4xx_HAL_Driver/Src/stm32f4xx_hal_gpio.c.obj
                0x08008f6c                HAL_GPIO_ReadPin
 .text.HAL_GPIO_WritePin
                0x08008f9c       0x32 CMakeFiles/PIDStick2.dir/Drivers/STM32F4xx_HAL_Driver/Src/stm32f4xx_hal_gpio.c.obj
                0x08008f9c                HAL_GPIO_WritePin
 .text.HAL_GPIO_TogglePin
                0x08008fce       0x34 CMakeFiles/PIDStick2.dir/Drivers/STM32F4xx_HAL_Driver/Src/stm32f4xx_hal_gpio.c.obj
                0x08008fce                HAL_GPIO_TogglePin
 *fill*         0x08009002        0x2 
 .text.HAL_DMA_Init
                0x08009004      0x15c CMakeFiles/PIDStick2.dir/Drivers/STM32F4xx_HAL_Driver/Src/stm32f4xx_hal_dma.c.obj
                0x08009004                HAL_DMA_Init
 .text.HAL_DMA_Start_IT
                0x08009160       0xb0 CMakeFiles/PIDStick2.dir/Drivers/STM32F4xx_HAL_Driver/Src/stm32f4xx_hal_dma.c.obj
                0x08009160                HAL_DMA_Start_IT
 .text.HAL_DMA_Abort
                0x08009210       0xe0 CMakeFiles/PIDStick2.dir/Drivers/STM32F4xx_HAL_Driver/Src/stm32f4xx_hal_dma.c.obj
                0x08009210                HAL_DMA_Abort
 .text.HAL_DMA_Abort_IT
                0x080092f0       0x44 CMakeFiles/PIDStick2.dir/Drivers/STM32F4xx_HAL_Driver/Src/stm32f4xx_hal_dma.c.obj
                0x080092f0                HAL_DMA_Abort_IT
 .text.HAL_DMA_IRQHandler
                0x08009334      0x314 CMakeFiles/PIDStick2.dir/Drivers/STM32F4xx_HAL_Driver/Src/stm32f4xx_hal_dma.c.obj
                0x08009334                HAL_DMA_IRQHandler
 .text.HAL_DMA_GetState
                0x08009648       0x1c CMakeFiles/PIDStick2.dir/Drivers/STM32F4xx_HAL_Driver/Src/stm32f4xx_hal_dma.c.obj
                0x08009648                HAL_DMA_GetState
 .text.DMA_SetConfig
                0x08009664       0x5c CMakeFiles/PIDStick2.dir/Drivers/STM32F4xx_HAL_Driver/Src/stm32f4xx_hal_dma.c.obj
 .text.DMA_CalcBaseAndBitshift
                0x080096c0       0x6c CMakeFiles/PIDStick2.dir/Drivers/STM32F4xx_HAL_Driver/Src/stm32f4xx_hal_dma.c.obj
 .text.DMA_CheckFifoParam
                0x0800972c       0xf8 CMakeFiles/PIDStick2.dir/Drivers/STM32F4xx_HAL_Driver/Src/stm32f4xx_hal_dma.c.obj
 .text.__NVIC_SetPriorityGrouping
                0x08009824       0x48 CMakeFiles/PIDStick2.dir/Drivers/STM32F4xx_HAL_Driver/Src/stm32f4xx_hal_cortex.c.obj
 .text.__NVIC_GetPriorityGrouping
                0x0800986c       0x1c CMakeFiles/PIDStick2.dir/Drivers/STM32F4xx_HAL_Driver/Src/stm32f4xx_hal_cortex.c.obj
 .text.__NVIC_EnableIRQ
                0x08009888       0x3c CMakeFiles/PIDStick2.dir/Drivers/STM32F4xx_HAL_Driver/Src/stm32f4xx_hal_cortex.c.obj
 .text.__NVIC_SetPriority
                0x080098c4       0x54 CMakeFiles/PIDStick2.dir/Drivers/STM32F4xx_HAL_Driver/Src/stm32f4xx_hal_cortex.c.obj
 .text.NVIC_EncodePriority
                0x08009918       0x66 CMakeFiles/PIDStick2.dir/Drivers/STM32F4xx_HAL_Driver/Src/stm32f4xx_hal_cortex.c.obj
 *fill*         0x0800997e        0x2 
 .text.SysTick_Config
                0x08009980       0x44 CMakeFiles/PIDStick2.dir/Drivers/STM32F4xx_HAL_Driver/Src/stm32f4xx_hal_cortex.c.obj
 .text.HAL_NVIC_SetPriorityGrouping
                0x080099c4       0x16 CMakeFiles/PIDStick2.dir/Drivers/STM32F4xx_HAL_Driver/Src/stm32f4xx_hal_cortex.c.obj
                0x080099c4                HAL_NVIC_SetPriorityGrouping
 .text.HAL_NVIC_SetPriority
                0x080099da       0x38 CMakeFiles/PIDStick2.dir/Drivers/STM32F4xx_HAL_Driver/Src/stm32f4xx_hal_cortex.c.obj
                0x080099da                HAL_NVIC_SetPriority
 .text.HAL_NVIC_EnableIRQ
                0x08009a12       0x1c CMakeFiles/PIDStick2.dir/Drivers/STM32F4xx_HAL_Driver/Src/stm32f4xx_hal_cortex.c.obj
                0x08009a12                HAL_NVIC_EnableIRQ
 .text.HAL_SYSTICK_Config
                0x08009a2e       0x18 CMakeFiles/PIDStick2.dir/Drivers/STM32F4xx_HAL_Driver/Src/stm32f4xx_hal_cortex.c.obj
                0x08009a2e                HAL_SYSTICK_Config
 *fill*         0x08009a46        0x2 
 .text.HAL_Init
                0x08009a48       0x44 CMakeFiles/PIDStick2.dir/Drivers/STM32F4xx_HAL_Driver/Src/stm32f4xx_hal.c.obj
                0x08009a48                HAL_Init
 .text.HAL_InitTick
                0x08009a8c       0x60 CMakeFiles/PIDStick2.dir/Drivers/STM32F4xx_HAL_Driver/Src/stm32f4xx_hal.c.obj
                0x08009a8c                HAL_InitTick
 .text.HAL_IncTick
                0x08009aec       0x28 CMakeFiles/PIDStick2.dir/Drivers/STM32F4xx_HAL_Driver/Src/stm32f4xx_hal.c.obj
                0x08009aec                HAL_IncTick
 .text.HAL_GetTick
                0x08009b14       0x18 CMakeFiles/PIDStick2.dir/Drivers/STM32F4xx_HAL_Driver/Src/stm32f4xx_hal.c.obj
                0x08009b14                HAL_GetTick
 .text.HAL_Delay
                0x08009b2c       0x48 CMakeFiles/PIDStick2.dir/Drivers/STM32F4xx_HAL_Driver/Src/stm32f4xx_hal.c.obj
                0x08009b2c                HAL_Delay
 .text.HAL_TIM_Base_Init
                0x08009b74       0x9e CMakeFiles/PIDStick2.dir/Drivers/STM32F4xx_HAL_Driver/Src/stm32f4xx_hal_tim.c.obj
                0x08009b74                HAL_TIM_Base_Init
 *fill*         0x08009c12        0x2 
 .text.HAL_TIM_Base_Start_IT
                0x08009c14       0xc4 CMakeFiles/PIDStick2.dir/Drivers/STM32F4xx_HAL_Driver/Src/stm32f4xx_hal_tim.c.obj
                0x08009c14                HAL_TIM_Base_Start_IT
 .text.HAL_TIM_PWM_Init
                0x08009cd8       0x9e CMakeFiles/PIDStick2.dir/Drivers/STM32F4xx_HAL_Driver/Src/stm32f4xx_hal_tim.c.obj
                0x08009cd8                HAL_TIM_PWM_Init
 .text.HAL_TIM_PWM_MspInit
                0x08009d76       0x14 CMakeFiles/PIDStick2.dir/Drivers/STM32F4xx_HAL_Driver/Src/stm32f4xx_hal_tim.c.obj
                0x08009d76                HAL_TIM_PWM_MspInit
 *fill*         0x08009d8a        0x2 
 .text.HAL_TIM_PWM_Start
                0x08009d8c      0x160 CMakeFiles/PIDStick2.dir/Drivers/STM32F4xx_HAL_Driver/Src/stm32f4xx_hal_tim.c.obj
                0x08009d8c                HAL_TIM_PWM_Start
 .text.HAL_TIM_IRQHandler
                0x08009eec      0x1e0 CMakeFiles/PIDStick2.dir/Drivers/STM32F4xx_HAL_Driver/Src/stm32f4xx_hal_tim.c.obj
                0x08009eec                HAL_TIM_IRQHandler
 .text.HAL_TIM_PWM_ConfigChannel
                0x0800a0cc      0x184 CMakeFiles/PIDStick2.dir/Drivers/STM32F4xx_HAL_Driver/Src/stm32f4xx_hal_tim.c.obj
                0x0800a0cc                HAL_TIM_PWM_ConfigChannel
 .text.HAL_TIM_ConfigClockSource
                0x0800a250      0x18e CMakeFiles/PIDStick2.dir/Drivers/STM32F4xx_HAL_Driver/Src/stm32f4xx_hal_tim.c.obj
                0x0800a250                HAL_TIM_ConfigClockSource
 .text.HAL_TIM_OC_DelayElapsedCallback
                0x0800a3de       0x14 CMakeFiles/PIDStick2.dir/Drivers/STM32F4xx_HAL_Driver/Src/stm32f4xx_hal_tim.c.obj
                0x0800a3de                HAL_TIM_OC_DelayElapsedCallback
 .text.HAL_TIM_IC_CaptureCallback
                0x0800a3f2       0x14 CMakeFiles/PIDStick2.dir/Drivers/STM32F4xx_HAL_Driver/Src/stm32f4xx_hal_tim.c.obj
                0x0800a3f2                HAL_TIM_IC_CaptureCallback
 .text.HAL_TIM_PWM_PulseFinishedCallback
                0x0800a406       0x14 CMakeFiles/PIDStick2.dir/Drivers/STM32F4xx_HAL_Driver/Src/stm32f4xx_hal_tim.c.obj
                0x0800a406                HAL_TIM_PWM_PulseFinishedCallback
 .text.HAL_TIM_TriggerCallback
                0x0800a41a       0x14 CMakeFiles/PIDStick2.dir/Drivers/STM32F4xx_HAL_Driver/Src/stm32f4xx_hal_tim.c.obj
                0x0800a41a                HAL_TIM_TriggerCallback
 *fill*         0x0800a42e        0x2 
 .text.TIM_Base_SetConfig
                0x0800a430      0x118 CMakeFiles/PIDStick2.dir/Drivers/STM32F4xx_HAL_Driver/Src/stm32f4xx_hal_tim.c.obj
                0x0800a430                TIM_Base_SetConfig
 .text.TIM_OC1_SetConfig
                0x0800a548       0xcc CMakeFiles/PIDStick2.dir/Drivers/STM32F4xx_HAL_Driver/Src/stm32f4xx_hal_tim.c.obj
 .text.TIM_OC2_SetConfig
                0x0800a614       0xd8 CMakeFiles/PIDStick2.dir/Drivers/STM32F4xx_HAL_Driver/Src/stm32f4xx_hal_tim.c.obj
                0x0800a614                TIM_OC2_SetConfig
 .text.TIM_OC3_SetConfig
                0x0800a6ec       0xd4 CMakeFiles/PIDStick2.dir/Drivers/STM32F4xx_HAL_Driver/Src/stm32f4xx_hal_tim.c.obj
 .text.TIM_OC4_SetConfig
                0x0800a7c0       0xa0 CMakeFiles/PIDStick2.dir/Drivers/STM32F4xx_HAL_Driver/Src/stm32f4xx_hal_tim.c.obj
 .text.TIM_TI1_ConfigInputStage
                0x0800a860       0x5e CMakeFiles/PIDStick2.dir/Drivers/STM32F4xx_HAL_Driver/Src/stm32f4xx_hal_tim.c.obj
 .text.TIM_TI2_ConfigInputStage
                0x0800a8be       0x60 CMakeFiles/PIDStick2.dir/Drivers/STM32F4xx_HAL_Driver/Src/stm32f4xx_hal_tim.c.obj
 .text.TIM_ITRx_SetConfig
                0x0800a91e       0x36 CMakeFiles/PIDStick2.dir/Drivers/STM32F4xx_HAL_Driver/Src/stm32f4xx_hal_tim.c.obj
 .text.TIM_ETR_SetConfig
                0x0800a954       0x40 CMakeFiles/PIDStick2.dir/Drivers/STM32F4xx_HAL_Driver/Src/stm32f4xx_hal_tim.c.obj
                0x0800a954                TIM_ETR_SetConfig
 .text.TIM_CCxChannelCmd
                0x0800a994       0x4a CMakeFiles/PIDStick2.dir/Drivers/STM32F4xx_HAL_Driver/Src/stm32f4xx_hal_tim.c.obj
                0x0800a994                TIM_CCxChannelCmd
 *fill*         0x0800a9de        0x2 
 .text.HAL_TIMEx_MasterConfigSynchronization
                0x0800a9e0       0xdc CMakeFiles/PIDStick2.dir/Drivers/STM32F4xx_HAL_Driver/Src/stm32f4xx_hal_tim_ex.c.obj
                0x0800a9e0                HAL_TIMEx_MasterConfigSynchronization
 .text.HAL_TIMEx_CommutCallback
                0x0800aabc       0x14 CMakeFiles/PIDStick2.dir/Drivers/STM32F4xx_HAL_Driver/Src/stm32f4xx_hal_tim_ex.c.obj
                0x0800aabc                HAL_TIMEx_CommutCallback
 .text.HAL_TIMEx_BreakCallback
                0x0800aad0       0x14 CMakeFiles/PIDStick2.dir/Drivers/STM32F4xx_HAL_Driver/Src/stm32f4xx_hal_tim_ex.c.obj
                0x0800aad0                HAL_TIMEx_BreakCallback
 .text.HAL_UART_Init
                0x0800aae4       0xa0 CMakeFiles/PIDStick2.dir/Drivers/STM32F4xx_HAL_Driver/Src/stm32f4xx_hal_uart.c.obj
                0x0800aae4                HAL_UART_Init
 .text.HAL_UART_Transmit_DMA
                0x0800ab84       0xe0 CMakeFiles/PIDStick2.dir/Drivers/STM32F4xx_HAL_Driver/Src/stm32f4xx_hal_uart.c.obj
                0x0800ab84                HAL_UART_Transmit_DMA
 .text.HAL_UARTEx_ReceiveToIdle_DMA
                0x0800ac64       0xba CMakeFiles/PIDStick2.dir/Drivers/STM32F4xx_HAL_Driver/Src/stm32f4xx_hal_uart.c.obj
                0x0800ac64                HAL_UARTEx_ReceiveToIdle_DMA
 *fill*         0x0800ad1e        0x2 
 .text.HAL_UART_IRQHandler
                0x0800ad20      0x524 CMakeFiles/PIDStick2.dir/Drivers/STM32F4xx_HAL_Driver/Src/stm32f4xx_hal_uart.c.obj
                0x0800ad20                HAL_UART_IRQHandler
 .text.HAL_UART_TxCpltCallback
                0x0800b244       0x14 CMakeFiles/PIDStick2.dir/Drivers/STM32F4xx_HAL_Driver/Src/stm32f4xx_hal_uart.c.obj
                0x0800b244                HAL_UART_TxCpltCallback
 .text.HAL_UART_TxHalfCpltCallback
                0x0800b258       0x14 CMakeFiles/PIDStick2.dir/Drivers/STM32F4xx_HAL_Driver/Src/stm32f4xx_hal_uart.c.obj
                0x0800b258                HAL_UART_TxHalfCpltCallback
 .text.HAL_UART_RxCpltCallback
                0x0800b26c       0x14 CMakeFiles/PIDStick2.dir/Drivers/STM32F4xx_HAL_Driver/Src/stm32f4xx_hal_uart.c.obj
                0x0800b26c                HAL_UART_RxCpltCallback
 .text.HAL_UART_RxHalfCpltCallback
                0x0800b280       0x14 CMakeFiles/PIDStick2.dir/Drivers/STM32F4xx_HAL_Driver/Src/stm32f4xx_hal_uart.c.obj
                0x0800b280                HAL_UART_RxHalfCpltCallback
 .text.HAL_UART_ErrorCallback
                0x0800b294       0x14 CMakeFiles/PIDStick2.dir/Drivers/STM32F4xx_HAL_Driver/Src/stm32f4xx_hal_uart.c.obj
                0x0800b294                HAL_UART_ErrorCallback
 .text.UART_DMATransmitCplt
                0x0800b2a8       0x9a CMakeFiles/PIDStick2.dir/Drivers/STM32F4xx_HAL_Driver/Src/stm32f4xx_hal_uart.c.obj
 .text.UART_DMATxHalfCplt
                0x0800b342       0x1c CMakeFiles/PIDStick2.dir/Drivers/STM32F4xx_HAL_Driver/Src/stm32f4xx_hal_uart.c.obj
 .text.UART_DMAReceiveCplt
                0x0800b35e      0x12c CMakeFiles/PIDStick2.dir/Drivers/STM32F4xx_HAL_Driver/Src/stm32f4xx_hal_uart.c.obj
 .text.UART_DMARxHalfCplt
                0x0800b48a       0x3c CMakeFiles/PIDStick2.dir/Drivers/STM32F4xx_HAL_Driver/Src/stm32f4xx_hal_uart.c.obj
 .text.UART_DMAError
                0x0800b4c6       0x94 CMakeFiles/PIDStick2.dir/Drivers/STM32F4xx_HAL_Driver/Src/stm32f4xx_hal_uart.c.obj
 *fill*         0x0800b55a        0x2 
 .text.UART_Start_Receive_DMA
                0x0800b55c      0x134 CMakeFiles/PIDStick2.dir/Drivers/STM32F4xx_HAL_Driver/Src/stm32f4xx_hal_uart.c.obj
                0x0800b55c                UART_Start_Receive_DMA
 .text.UART_EndTxTransfer
                0x0800b690       0x50 CMakeFiles/PIDStick2.dir/Drivers/STM32F4xx_HAL_Driver/Src/stm32f4xx_hal_uart.c.obj
 .text.UART_EndRxTransfer
                0x0800b6e0       0xc6 CMakeFiles/PIDStick2.dir/Drivers/STM32F4xx_HAL_Driver/Src/stm32f4xx_hal_uart.c.obj
 .text.UART_DMAAbortOnError
                0x0800b7a6       0x28 CMakeFiles/PIDStick2.dir/Drivers/STM32F4xx_HAL_Driver/Src/stm32f4xx_hal_uart.c.obj
 .text.UART_Transmit_IT
                0x0800b7ce       0xa0 CMakeFiles/PIDStick2.dir/Drivers/STM32F4xx_HAL_Driver/Src/stm32f4xx_hal_uart.c.obj
 .text.UART_EndTransmit_IT
                0x0800b86e       0x30 CMakeFiles/PIDStick2.dir/Drivers/STM32F4xx_HAL_Driver/Src/stm32f4xx_hal_uart.c.obj
 .text.UART_Receive_IT
                0x0800b89e      0x17c CMakeFiles/PIDStick2.dir/Drivers/STM32F4xx_HAL_Driver/Src/stm32f4xx_hal_uart.c.obj
 *fill*         0x0800ba1a        0x2 
 .text.UART_SetConfig
                0x0800ba1c      0x4e8 CMakeFiles/PIDStick2.dir/Drivers/STM32F4xx_HAL_Driver/Src/stm32f4xx_hal_uart.c.obj
 .text.SystemInit
                0x0800bf04       0x24 CMakeFiles/PIDStick2.dir/Core/Src/system_stm32f4xx.c.obj
                0x0800bf04                SystemInit
 .text._sbrk    0x0800bf28       0x6c CMakeFiles/PIDStick2.dir/Core/Src/sysmem.c.obj
                0x0800bf28                _sbrk
 .text._getpid  0x0800bf94       0x10 CMakeFiles/PIDStick2.dir/Core/Src/syscalls.c.obj
                0x0800bf94                _getpid
 .text._kill    0x0800bfa4       0x20 CMakeFiles/PIDStick2.dir/Core/Src/syscalls.c.obj
                0x0800bfa4                _kill
 .text._exit    0x0800bfc4       0x14 CMakeFiles/PIDStick2.dir/Core/Src/syscalls.c.obj
                0x0800bfc4                _exit
 .text.Reset_Handler
                0x0800bfd8       0x50 CMakeFiles/PIDStick2.dir/startup_stm32f401xc.s.obj
                0x0800bfd8                Reset_Handler
 .text.Default_Handler
                0x0800c028        0x2 CMakeFiles/PIDStick2.dir/startup_stm32f401xc.s.obj
                0x0800c028                RTC_Alarm_IRQHandler
                0x0800c028                EXTI2_IRQHandler
                0x0800c028                SPI4_IRQHandler
                0x0800c028                TIM1_CC_IRQHandler
                0x0800c028                DMA2_Stream5_IRQHandler
                0x0800c028                DMA1_Stream5_IRQHandler
                0x0800c028                PVD_IRQHandler
                0x0800c028                SDIO_IRQHandler
                0x0800c028                TAMP_STAMP_IRQHandler
                0x0800c028                EXTI3_IRQHandler
                0x0800c028                TIM1_UP_TIM10_IRQHandler
                0x0800c028                I2C3_ER_IRQHandler
                0x0800c028                EXTI0_IRQHandler
                0x0800c028                I2C2_EV_IRQHandler
                0x0800c028                DMA1_Stream2_IRQHandler
                0x0800c028                FPU_IRQHandler
                0x0800c028                SPI1_IRQHandler
                0x0800c028                TIM1_BRK_TIM9_IRQHandler
                0x0800c028                DMA2_Stream3_IRQHandler
                0x0800c028                USART6_IRQHandler
                0x0800c028                DMA2_Stream0_IRQHandler
                0x0800c028                TIM4_IRQHandler
                0x0800c028                DMA1_Stream6_IRQHandler
                0x0800c028                DMA1_Stream1_IRQHandler
                0x0800c028                TIM3_IRQHandler
                0x0800c028                RCC_IRQHandler
                0x0800c028                Default_Handler
                0x0800c028                EXTI15_10_IRQHandler
                0x0800c028                ADC_IRQHandler
                0x0800c028                DMA1_Stream7_IRQHandler
                0x0800c028                I2C3_EV_IRQHandler
                0x0800c028                EXTI9_5_IRQHandler
                0x0800c028                RTC_WKUP_IRQHandler
                0x0800c028                SPI2_IRQHandler
                0x0800c028                DMA1_Stream0_IRQHandler
                0x0800c028                EXTI4_IRQHandler
                0x0800c028                WWDG_IRQHandler
                0x0800c028                TIM2_IRQHandler
                0x0800c028                OTG_FS_WKUP_IRQHandler
                0x0800c028                TIM1_TRG_COM_TIM11_IRQHandler
                0x0800c028                EXTI1_IRQHandler
                0x0800c028                USART2_IRQHandler
                0x0800c028                I2C2_ER_IRQHandler
                0x0800c028                DMA2_Stream1_IRQHandler
                0x0800c028                FLASH_IRQHandler
                0x0800c028                DMA2_Stream4_IRQHandler
                0x0800c028                OTG_FS_IRQHandler
                0x0800c028                SPI3_IRQHandler
                0x0800c028                DMA1_Stream4_IRQHandler
                0x0800c028                DMA2_Stream6_IRQHandler
                0x0800c028                DMA1_Stream3_IRQHandler
 .text._Znwj    0x0800c02a       0x22 c:/environment/armgcc/bin/../lib/gcc/arm-none-eabi/10.3.1/../../../../arm-none-eabi/lib/thumb/v7e-m+fp/hard\libstdc++_nano.a(new_op.o)
                0x0800c02a                operator new(unsigned int)
 .text._ZSt15get_new_handlerv
                0x0800c04c       0x10 c:/environment/armgcc/bin/../lib/gcc/arm-none-eabi/10.3.1/../../../../arm-none-eabi/lib/thumb/v7e-m+fp/hard\libstdc++_nano.a(new_handler.o)
                0x0800c04c                std::get_new_handler()
 *fill*         0x0800c05c        0x4 
 .text.cos      0x0800c060       0x90 c:/environment/armgcc/bin/../lib/gcc/arm-none-eabi/10.3.1/../../../../arm-none-eabi/lib/thumb/v7e-m+fp/hard\libm.a(lib_a-s_cos.o)
                0x0800c060                cos
 .text.roundf   0x0800c0f0       0x4c c:/environment/armgcc/bin/../lib/gcc/arm-none-eabi/10.3.1/../../../../arm-none-eabi/lib/thumb/v7e-m+fp/hard\libm.a(lib_a-sf_round.o)
                0x0800c0f0                roundf
 .text.asinf    0x0800c13c       0x58 c:/environment/armgcc/bin/../lib/gcc/arm-none-eabi/10.3.1/../../../../arm-none-eabi/lib/thumb/v7e-m+fp/hard\libm.a(lib_a-wf_asin.o)
                0x0800c13c                asinf
 .text.atan2f   0x0800c194        0x4 c:/environment/armgcc/bin/../lib/gcc/arm-none-eabi/10.3.1/../../../../arm-none-eabi/lib/thumb/v7e-m+fp/hard\libm.a(lib_a-wf_atan2.o)
                0x0800c194                atan2f
 .text.powf     0x0800c198       0xbc c:/environment/armgcc/bin/../lib/gcc/arm-none-eabi/10.3.1/../../../../arm-none-eabi/lib/thumb/v7e-m+fp/hard\libm.a(lib_a-wf_pow.o)
                0x0800c198                powf
 .text.sqrtf    0x0800c254       0x44 c:/environment/armgcc/bin/../lib/gcc/arm-none-eabi/10.3.1/../../../../arm-none-eabi/lib/thumb/v7e-m+fp/hard\libm.a(lib_a-wf_sqrt.o)
                0x0800c254                sqrtf
 .text.__ieee754_rem_pio2
                0x0800c298      0x44c c:/environment/armgcc/bin/../lib/gcc/arm-none-eabi/10.3.1/../../../../arm-none-eabi/lib/thumb/v7e-m+fp/hard\libm.a(lib_a-e_rem_pio2.o)
                0x0800c298                __ieee754_rem_pio2
 .text.__ieee754_asinf
                0x0800c6e4      0x20c c:/environment/armgcc/bin/../lib/gcc/arm-none-eabi/10.3.1/../../../../arm-none-eabi/lib/thumb/v7e-m+fp/hard\libm.a(lib_a-ef_asin.o)
                0x0800c6e4                __ieee754_asinf
 .text.__ieee754_atan2f
                0x0800c8f0      0x150 c:/environment/armgcc/bin/../lib/gcc/arm-none-eabi/10.3.1/../../../../arm-none-eabi/lib/thumb/v7e-m+fp/hard\libm.a(lib_a-ef_atan2.o)
                0x0800c8f0                __ieee754_atan2f
 .text.__ieee754_powf
                0x0800ca40      0x628 c:/environment/armgcc/bin/../lib/gcc/arm-none-eabi/10.3.1/../../../../arm-none-eabi/lib/thumb/v7e-m+fp/hard\libm.a(lib_a-ef_pow.o)
                0x0800ca40                __ieee754_powf
 .text.__ieee754_sqrtf
                0x0800d068        0x8 c:/environment/armgcc/bin/../lib/gcc/arm-none-eabi/10.3.1/../../../../arm-none-eabi/lib/thumb/v7e-m+fp/hard\libm.a(lib_a-ef_sqrt.o)
                0x0800d068                __ieee754_sqrtf
 .text.__kernel_cos
                0x0800d070      0x27c c:/environment/armgcc/bin/../lib/gcc/arm-none-eabi/10.3.1/../../../../arm-none-eabi/lib/thumb/v7e-m+fp/hard\libm.a(lib_a-k_cos.o)
                0x0800d070                __kernel_cos
 *fill*         0x0800d2ec        0x4 
 .text.__kernel_rem_pio2
                0x0800d2f0      0x850 c:/environment/armgcc/bin/../lib/gcc/arm-none-eabi/10.3.1/../../../../arm-none-eabi/lib/thumb/v7e-m+fp/hard\libm.a(lib_a-k_rem_pio2.o)
                0x0800d2f0                __kernel_rem_pio2
 .text.__kernel_sin
                0x0800db40      0x17c c:/environment/armgcc/bin/../lib/gcc/arm-none-eabi/10.3.1/../../../../arm-none-eabi/lib/thumb/v7e-m+fp/hard\libm.a(lib_a-k_sin.o)
                0x0800db40                __kernel_sin
 .text.with_errnof
                0x0800dcbc       0x18 c:/environment/armgcc/bin/../lib/gcc/arm-none-eabi/10.3.1/../../../../arm-none-eabi/lib/thumb/v7e-m+fp/hard\libm.a(lib_a-math_errf.o)
 .text.xflowf   0x0800dcd4       0x20 c:/environment/armgcc/bin/../lib/gcc/arm-none-eabi/10.3.1/../../../../arm-none-eabi/lib/thumb/v7e-m+fp/hard\libm.a(lib_a-math_errf.o)
 .text.__math_uflowf
                0x0800dcf4        0xc c:/environment/armgcc/bin/../lib/gcc/arm-none-eabi/10.3.1/../../../../arm-none-eabi/lib/thumb/v7e-m+fp/hard\libm.a(lib_a-math_errf.o)
                0x0800dcf4                __math_uflowf
 .text.__math_oflowf
                0x0800dd00        0xc c:/environment/armgcc/bin/../lib/gcc/arm-none-eabi/10.3.1/../../../../arm-none-eabi/lib/thumb/v7e-m+fp/hard\libm.a(lib_a-math_errf.o)
                0x0800dd00                __math_oflowf
 .text.fabs     0x0800dd0c       0x14 c:/environment/armgcc/bin/../lib/gcc/arm-none-eabi/10.3.1/../../../../arm-none-eabi/lib/thumb/v7e-m+fp/hard\libm.a(lib_a-s_fabs.o)
                0x0800dd0c                fabs
 .text.floor    0x0800dd20      0x108 c:/environment/armgcc/bin/../lib/gcc/arm-none-eabi/10.3.1/../../../../arm-none-eabi/lib/thumb/v7e-m+fp/hard\libm.a(lib_a-s_floor.o)
                0x0800dd20                floor
 .text.scalbn   0x0800de28      0x124 c:/environment/armgcc/bin/../lib/gcc/arm-none-eabi/10.3.1/../../../../arm-none-eabi/lib/thumb/v7e-m+fp/hard\libm.a(lib_a-s_scalbn.o)
                0x0800de28                scalbn
 .text.atanf    0x0800df4c      0x1b4 c:/environment/armgcc/bin/../lib/gcc/arm-none-eabi/10.3.1/../../../../arm-none-eabi/lib/thumb/v7e-m+fp/hard\libm.a(lib_a-sf_atan.o)
                0x0800df4c                atanf
 .text.fabsf    0x0800e100       0x10 c:/environment/armgcc/bin/../lib/gcc/arm-none-eabi/10.3.1/../../../../arm-none-eabi/lib/thumb/v7e-m+fp/hard\libm.a(lib_a-sf_fabs.o)
                0x0800e100                fabsf
 .text.finitef  0x0800e110       0x1c c:/environment/armgcc/bin/../lib/gcc/arm-none-eabi/10.3.1/../../../../arm-none-eabi/lib/thumb/v7e-m+fp/hard\libm.a(lib_a-sf_finite.o)
                0x0800e110                finitef
 .text.nanf     0x0800e12c        0xc c:/environment/armgcc/bin/../lib/gcc/arm-none-eabi/10.3.1/../../../../arm-none-eabi/lib/thumb/v7e-m+fp/hard\libm.a(lib_a-sf_nan.o)
                0x0800e12c                nanf
 .text.scalbnf  0x0800e138       0xe4 c:/environment/armgcc/bin/../lib/gcc/arm-none-eabi/10.3.1/../../../../arm-none-eabi/lib/thumb/v7e-m+fp/hard\libm.a(lib_a-sf_scalbn.o)
                0x0800e138                scalbnf
 .text.abort    0x0800e21c        0xe c:/environment/armgcc/bin/../lib/gcc/arm-none-eabi/10.3.1/../../../../arm-none-eabi/lib/thumb/v7e-m+fp/hard\libc_nano.a(lib_a-abort.o)
                0x0800e21c                abort
 *fill*         0x0800e22a        0x2 
 .text.__errno  0x0800e22c        0xc c:/environment/armgcc/bin/../lib/gcc/arm-none-eabi/10.3.1/../../../../arm-none-eabi/lib/thumb/v7e-m+fp/hard\libc_nano.a(lib_a-errno.o)
                0x0800e22c                __errno
 .text.__libc_init_array
                0x0800e238       0x48 c:/environment/armgcc/bin/../lib/gcc/arm-none-eabi/10.3.1/../../../../arm-none-eabi/lib/thumb/v7e-m+fp/hard\libc_nano.a(lib_a-init.o)
                0x0800e238                __libc_init_array
 .text.malloc   0x0800e280       0x10 c:/environment/armgcc/bin/../lib/gcc/arm-none-eabi/10.3.1/../../../../arm-none-eabi/lib/thumb/v7e-m+fp/hard\libc_nano.a(lib_a-malloc.o)
                0x0800e280                malloc
 .text.memcpy   0x0800e290       0x1c c:/environment/armgcc/bin/../lib/gcc/arm-none-eabi/10.3.1/../../../../arm-none-eabi/lib/thumb/v7e-m+fp/hard\libc_nano.a(lib_a-memcpy-stub.o)
                0x0800e290                memcpy
 .text.memset   0x0800e2ac       0x10 c:/environment/armgcc/bin/../lib/gcc/arm-none-eabi/10.3.1/../../../../arm-none-eabi/lib/thumb/v7e-m+fp/hard\libc_nano.a(lib_a-memset.o)
                0x0800e2ac                memset
 .text._free_r  0x0800e2bc       0x98 c:/environment/armgcc/bin/../lib/gcc/arm-none-eabi/10.3.1/../../../../arm-none-eabi/lib/thumb/v7e-m+fp/hard\libc_nano.a(lib_a-nano-freer.o)
                0x0800e2bc                _free_r
 .text.sbrk_aligned
                0x0800e354       0x40 c:/environment/armgcc/bin/../lib/gcc/arm-none-eabi/10.3.1/../../../../arm-none-eabi/lib/thumb/v7e-m+fp/hard\libc_nano.a(lib_a-nano-mallocr.o)
 .text._malloc_r
                0x0800e394       0xe8 c:/environment/armgcc/bin/../lib/gcc/arm-none-eabi/10.3.1/../../../../arm-none-eabi/lib/thumb/v7e-m+fp/hard\libc_nano.a(lib_a-nano-mallocr.o)
                0x0800e394                _malloc_r
 .text._sbrk_r  0x0800e47c       0x20 c:/environment/armgcc/bin/../lib/gcc/arm-none-eabi/10.3.1/../../../../arm-none-eabi/lib/thumb/v7e-m+fp/hard\libc_nano.a(lib_a-sbrkr.o)
                0x0800e47c                _sbrk_r
 .text._raise_r
                0x0800e49c       0x50 c:/environment/armgcc/bin/../lib/gcc/arm-none-eabi/10.3.1/../../../../arm-none-eabi/lib/thumb/v7e-m+fp/hard\libc_nano.a(lib_a-signal.o)
                0x0800e49c                _raise_r
 .text.raise    0x0800e4ec       0x10 c:/environment/armgcc/bin/../lib/gcc/arm-none-eabi/10.3.1/../../../../arm-none-eabi/lib/thumb/v7e-m+fp/hard\libc_nano.a(lib_a-signal.o)
                0x0800e4ec                raise
 .text._kill_r  0x0800e4fc       0x24 c:/environment/armgcc/bin/../lib/gcc/arm-none-eabi/10.3.1/../../../../arm-none-eabi/lib/thumb/v7e-m+fp/hard\libc_nano.a(lib_a-signalr.o)
                0x0800e4fc                _kill_r
 .text._getpid_r
                0x0800e520        0x4 c:/environment/armgcc/bin/../lib/gcc/arm-none-eabi/10.3.1/../../../../arm-none-eabi/lib/thumb/v7e-m+fp/hard\libc_nano.a(lib_a-signalr.o)
                0x0800e520                _getpid_r
 .text.snprintf
                0x0800e524       0x68 c:/environment/armgcc/bin/../lib/gcc/arm-none-eabi/10.3.1/../../../../arm-none-eabi/lib/thumb/v7e-m+fp/hard\libc_nano.a(lib_a-snprintf.o)
                0x0800e524                sniprintf
                0x0800e524                snprintf
 .text._strtol_l.constprop.0
                0x0800e58c      0x104 c:/environment/armgcc/bin/../lib/gcc/arm-none-eabi/10.3.1/../../../../arm-none-eabi/lib/thumb/v7e-m+fp/hard\libc_nano.a(lib_a-strtol.o)
 .text.strtol   0x0800e690       0x14 c:/environment/armgcc/bin/../lib/gcc/arm-none-eabi/10.3.1/../../../../arm-none-eabi/lib/thumb/v7e-m+fp/hard\libc_nano.a(lib_a-strtol.o)
                0x0800e690                strtol
 .text.__malloc_lock
                0x0800e6a4        0xc c:/environment/armgcc/bin/../lib/gcc/arm-none-eabi/10.3.1/../../../../arm-none-eabi/lib/thumb/v7e-m+fp/hard\libc_nano.a(lib_a-mlock.o)
                0x0800e6a4                __malloc_lock
 .text.__malloc_unlock
                0x0800e6b0        0xc c:/environment/armgcc/bin/../lib/gcc/arm-none-eabi/10.3.1/../../../../arm-none-eabi/lib/thumb/v7e-m+fp/hard\libc_nano.a(lib_a-mlock.o)
                0x0800e6b0                __malloc_unlock
 .text.__ssputs_r
                0x0800e6bc       0xb6 c:/environment/armgcc/bin/../lib/gcc/arm-none-eabi/10.3.1/../../../../arm-none-eabi/lib/thumb/v7e-m+fp/hard\libc_nano.a(lib_a-nano-svfprintf.o)
                0x0800e6bc                __ssputs_r
 *fill*         0x0800e772        0x2 
 .text._svfprintf_r
                0x0800e774      0x200 c:/environment/armgcc/bin/../lib/gcc/arm-none-eabi/10.3.1/../../../../arm-none-eabi/lib/thumb/v7e-m+fp/hard\libc_nano.a(lib_a-nano-svfprintf.o)
                0x0800e774                _svfiprintf_r
                0x0800e774                _svfprintf_r
 .text._printf_common
                0x0800e974       0xda c:/environment/armgcc/bin/../lib/gcc/arm-none-eabi/10.3.1/../../../../arm-none-eabi/lib/thumb/v7e-m+fp/hard\libc_nano.a(lib_a-nano-vfprintf_i.o)
                0x0800e974                _printf_common
 *fill*         0x0800ea4e        0x2 
 .text._printf_i
                0x0800ea50      0x24c c:/environment/armgcc/bin/../lib/gcc/arm-none-eabi/10.3.1/../../../../arm-none-eabi/lib/thumb/v7e-m+fp/hard\libc_nano.a(lib_a-nano-vfprintf_i.o)
                0x0800ea50                _printf_i
 .text.__retarget_lock_acquire_recursive
                0x0800ec9c        0x2 c:/environment/armgcc/bin/../lib/gcc/arm-none-eabi/10.3.1/../../../../arm-none-eabi/lib/thumb/v7e-m+fp/hard\libc_nano.a(lib_a-lock.o)
                0x0800ec9c                __retarget_lock_acquire_recursive
 .text.__retarget_lock_release_recursive
                0x0800ec9e        0x2 c:/environment/armgcc/bin/../lib/gcc/arm-none-eabi/10.3.1/../../../../arm-none-eabi/lib/thumb/v7e-m+fp/hard\libc_nano.a(lib_a-lock.o)
                0x0800ec9e                __retarget_lock_release_recursive
 .text.memmove  0x0800eca0       0x34 c:/environment/armgcc/bin/../lib/gcc/arm-none-eabi/10.3.1/../../../../arm-none-eabi/lib/thumb/v7e-m+fp/hard\libc_nano.a(lib_a-memmove.o)
                0x0800eca0                memmove
 .text._realloc_r
                0x0800ecd4       0x5e c:/environment/armgcc/bin/../lib/gcc/arm-none-eabi/10.3.1/../../../../arm-none-eabi/lib/thumb/v7e-m+fp/hard\libc_nano.a(lib_a-nano-reallocr.o)
                0x0800ecd4                _realloc_r
 .text._malloc_usable_size_r
                0x0800ed32       0x10 c:/environment/armgcc/bin/../lib/gcc/arm-none-eabi/10.3.1/../../../../arm-none-eabi/lib/thumb/v7e-m+fp/hard\libc_nano.a(lib_a-nano-msizer.o)
                0x0800ed32                _malloc_usable_size_r
 *(.glue_7)
 .glue_7        0x0800ed42        0x0 linker stubs
 *(.glue_7t)
 .glue_7t       0x0800ed42        0x0 linker stubs
 *(.eh_frame)
 *fill*         0x0800ed42        0x2 
 .eh_frame      0x0800ed44        0x0 c:/environment/armgcc/bin/../lib/gcc/arm-none-eabi/10.3.1/thumb/v7e-m+fp/hard/crtbegin.o
 *(.init)
 .init          0x0800ed44        0x4 c:/environment/armgcc/bin/../lib/gcc/arm-none-eabi/10.3.1/thumb/v7e-m+fp/hard/crti.o
                0x0800ed44                _init
 .init          0x0800ed48        0x8 c:/environment/armgcc/bin/../lib/gcc/arm-none-eabi/10.3.1/thumb/v7e-m+fp/hard/crtn.o
 *(.fini)
 .fini          0x0800ed50        0x4 c:/environment/armgcc/bin/../lib/gcc/arm-none-eabi/10.3.1/thumb/v7e-m+fp/hard/crti.o
                0x0800ed50                _fini
 .fini          0x0800ed54        0x8 c:/environment/armgcc/bin/../lib/gcc/arm-none-eabi/10.3.1/thumb/v7e-m+fp/hard/crtn.o
                0x0800ed5c                . = ALIGN (0x4)
                0x0800ed5c                _etext = .

.vfp11_veneer   0x0800ed5c        0x0
 .vfp11_veneer  0x0800ed5c        0x0 linker stubs

.v4_bx          0x0800ed5c        0x0
 .v4_bx         0x0800ed5c        0x0 linker stubs

.iplt           0x0800ed5c        0x0
 .iplt          0x0800ed5c        0x0 c:/environment/armgcc/bin/../lib/gcc/arm-none-eabi/10.3.1/thumb/v7e-m+fp/hard/crtbegin.o

.rodata         0x0800ed60      0x49c
                0x0800ed60                . = ALIGN (0x4)
 *(.rodata)
 .rodata        0x0800ed60      0x106 CMakeFiles/PIDStick2.dir/Core/Src/mpu6500/MPU9250_I2C.cpp.obj
 *fill*         0x0800ee66        0x2 
 .rodata        0x0800ee68       0x26 CMakeFiles/PIDStick2.dir/Core/Src/main.c.obj
 *(.rodata*)
 *fill*         0x0800ee8e        0x2 
 .rodata.flagBitshiftOffset.0
                0x0800ee90        0x8 CMakeFiles/PIDStick2.dir/Drivers/STM32F4xx_HAL_Driver/Src/stm32f4xx_hal_dma.c.obj
 .rodata.AHBPrescTable
                0x0800ee98       0x10 CMakeFiles/PIDStick2.dir/Core/Src/system_stm32f4xx.c.obj
                0x0800ee98                AHBPrescTable
 .rodata.APBPrescTable
                0x0800eea8        0x8 CMakeFiles/PIDStick2.dir/Core/Src/system_stm32f4xx.c.obj
                0x0800eea8                APBPrescTable
 .rodata.asinf.str1.4
                0x0800eeb0        0x1 c:/environment/armgcc/bin/../lib/gcc/arm-none-eabi/10.3.1/../../../../arm-none-eabi/lib/thumb/v7e-m+fp/hard\libm.a(lib_a-wf_asin.o)
 *fill*         0x0800eeb1        0x3 
 .rodata.npio2_hw
                0x0800eeb4       0x80 c:/environment/armgcc/bin/../lib/gcc/arm-none-eabi/10.3.1/../../../../arm-none-eabi/lib/thumb/v7e-m+fp/hard\libm.a(lib_a-e_rem_pio2.o)
 .rodata.two_over_pi
                0x0800ef34      0x108 c:/environment/armgcc/bin/../lib/gcc/arm-none-eabi/10.3.1/../../../../arm-none-eabi/lib/thumb/v7e-m+fp/hard\libm.a(lib_a-e_rem_pio2.o)
 .rodata.CSWTCH.8
                0x0800f03c        0xc c:/environment/armgcc/bin/../lib/gcc/arm-none-eabi/10.3.1/../../../../arm-none-eabi/lib/thumb/v7e-m+fp/hard\libm.a(lib_a-ef_atan2.o)
 .rodata.CSWTCH.9
                0x0800f048        0xc c:/environment/armgcc/bin/../lib/gcc/arm-none-eabi/10.3.1/../../../../arm-none-eabi/lib/thumb/v7e-m+fp/hard\libm.a(lib_a-ef_atan2.o)
 *fill*         0x0800f054        0x4 
 .rodata.PIo2   0x0800f058       0x40 c:/environment/armgcc/bin/../lib/gcc/arm-none-eabi/10.3.1/../../../../arm-none-eabi/lib/thumb/v7e-m+fp/hard\libm.a(lib_a-k_rem_pio2.o)
 .rodata.init_jk
                0x0800f098       0x10 c:/environment/armgcc/bin/../lib/gcc/arm-none-eabi/10.3.1/../../../../arm-none-eabi/lib/thumb/v7e-m+fp/hard\libm.a(lib_a-k_rem_pio2.o)
 .rodata.atanhi
                0x0800f0a8       0x10 c:/environment/armgcc/bin/../lib/gcc/arm-none-eabi/10.3.1/../../../../arm-none-eabi/lib/thumb/v7e-m+fp/hard\libm.a(lib_a-sf_atan.o)
 .rodata.atanlo
                0x0800f0b8       0x10 c:/environment/armgcc/bin/../lib/gcc/arm-none-eabi/10.3.1/../../../../arm-none-eabi/lib/thumb/v7e-m+fp/hard\libm.a(lib_a-sf_atan.o)
 .rodata._ctype_
                0x0800f0c8      0x101 c:/environment/armgcc/bin/../lib/gcc/arm-none-eabi/10.3.1/../../../../arm-none-eabi/lib/thumb/v7e-m+fp/hard\libc_nano.a(lib_a-ctype_.o)
                0x0800f0c8                _ctype_
 .rodata._svfprintf_r.str1.1
                0x0800f1c9       0x11 c:/environment/armgcc/bin/../lib/gcc/arm-none-eabi/10.3.1/../../../../arm-none-eabi/lib/thumb/v7e-m+fp/hard\libc_nano.a(lib_a-nano-svfprintf.o)
 .rodata._printf_i.str1.1
                0x0800f1da       0x22 c:/environment/armgcc/bin/../lib/gcc/arm-none-eabi/10.3.1/../../../../arm-none-eabi/lib/thumb/v7e-m+fp/hard\libc_nano.a(lib_a-nano-vfprintf_i.o)
                0x0800f1fc                . = ALIGN (0x4)

.ARM.extab
 *(.ARM.extab* .gnu.linkonce.armextab.*)

.ARM            0x0800f1fc        0x8
                0x0800f1fc                __exidx_start = .
 *(.ARM.exidx*)
 .ARM.exidx     0x0800f1fc        0x8 c:/environment/armgcc/bin/../lib/gcc/arm-none-eabi/10.3.1/thumb/v7e-m+fp/hard\libgcc.a(_udivmoddi4.o)
                0x0800f204                __exidx_end = .

.rel.dyn        0x0800f204        0x0
 .rel.iplt      0x0800f204        0x0 c:/environment/armgcc/bin/../lib/gcc/arm-none-eabi/10.3.1/thumb/v7e-m+fp/hard/crtbegin.o

.preinit_array  0x0800f204        0x0
                0x0800f204                PROVIDE (__preinit_array_start = .)
 *(.preinit_array*)
                0x0800f204                PROVIDE (__preinit_array_end = .)

.init_array     0x0800f204        0x4
                0x0800f204                PROVIDE (__init_array_start = .)
 *(SORT_BY_NAME(.init_array.*))
 *(.init_array*)
 .init_array    0x0800f204        0x4 c:/environment/armgcc/bin/../lib/gcc/arm-none-eabi/10.3.1/thumb/v7e-m+fp/hard/crtbegin.o
                0x0800f208                PROVIDE (__init_array_end = .)

.fini_array     0x0800f208        0x4
                [!provide]                PROVIDE (__fini_array_start = .)
 *(SORT_BY_NAME(.fini_array.*))
 *(.fini_array*)
 .fini_array    0x0800f208        0x4 c:/environment/armgcc/bin/../lib/gcc/arm-none-eabi/10.3.1/thumb/v7e-m+fp/hard/crtbegin.o
                [!provide]                PROVIDE (__fini_array_end = .)
                0x0800f20c                _sidata = LOADADDR (.data)

.data           0x20000000       0x84 load address 0x0800f20c
                0x20000000                . = ALIGN (0x4)
                0x20000000                _sdata = .
 *(.data)
 *(.data*)
 .data.currentDecayMode
                0x20000000        0x1 CMakeFiles/PIDStick2.dir/Core/Src/drv8833.c.obj
 *fill*         0x20000001        0x3 
 .data.g        0x20000004        0x4 CMakeFiles/PIDStick2.dir/Core/Src/main.c.obj
                0x20000004                g
 .data.integral_limit
                0x20000008        0x4 CMakeFiles/PIDStick2.dir/Core/Src/main.c.obj
                0x20000008                integral_limit
 .data.tempDst  0x2000000c        0x4 CMakeFiles/PIDStick2.dir/Core/Src/main.c.obj
                0x2000000c                tempDst
 .data.tempkd   0x20000010        0x4 CMakeFiles/PIDStick2.dir/Core/Src/main.c.obj
                0x20000010                tempkd
 .data.uwTickPrio
                0x20000014        0x4 CMakeFiles/PIDStick2.dir/Drivers/STM32F4xx_HAL_Driver/Src/stm32f4xx_hal.c.obj
                0x20000014                uwTickPrio
 .data.uwTickFreq
                0x20000018        0x1 CMakeFiles/PIDStick2.dir/Drivers/STM32F4xx_HAL_Driver/Src/stm32f4xx_hal.c.obj
                0x20000018                uwTickFreq
 *fill*         0x20000019        0x3 
 .data.SystemCoreClock
                0x2000001c        0x4 CMakeFiles/PIDStick2.dir/Core/Src/system_stm32f4xx.c.obj
                0x2000001c                SystemCoreClock
 .data._impure_ptr
                0x20000020        0x4 c:/environment/armgcc/bin/../lib/gcc/arm-none-eabi/10.3.1/../../../../arm-none-eabi/lib/thumb/v7e-m+fp/hard\libc_nano.a(lib_a-impure.o)
                0x20000020                _impure_ptr
 .data.impure_data
                0x20000024       0x60 c:/environment/armgcc/bin/../lib/gcc/arm-none-eabi/10.3.1/../../../../arm-none-eabi/lib/thumb/v7e-m+fp/hard\libc_nano.a(lib_a-impure.o)
                0x20000084                . = ALIGN (0x4)
                0x20000084                _edata = .

.igot.plt       0x20000084        0x0 load address 0x0800f290
 .igot.plt      0x20000084        0x0 c:/environment/armgcc/bin/../lib/gcc/arm-none-eabi/10.3.1/thumb/v7e-m+fp/hard/crtbegin.o
                0x20000084                . = ALIGN (0x4)

.bss            0x20000088      0x678 load address 0x0800f290
                0x20000088                _sbss = .
                0x20000088                __bss_start__ = _sbss
 *(.bss)
 .bss           0x20000088       0x1c c:/environment/armgcc/bin/../lib/gcc/arm-none-eabi/10.3.1/thumb/v7e-m+fp/hard/crtbegin.o
 *(.bss*)
 .bss.s_tBtn    0x200000a4       0x10 CMakeFiles/PIDStick2.dir/Core/Src/key.c.obj
 .bss.s_tKey    0x200000b4        0xc CMakeFiles/PIDStick2.dir/Core/Src/key.c.obj
 .bss.cali_count
                0x200000c0        0x4 CMakeFiles/PIDStick2.dir/Core/Src/motion/motion_interface.c.obj
                0x200000c0                cali_count
 *fill*         0x200000c4        0x4 
 .bss.cali_x_sum
                0x200000c8        0x8 CMakeFiles/PIDStick2.dir/Core/Src/motion/motion_interface.c.obj
                0x200000c8                cali_x_sum
 .bss.cali_y_sum
                0x200000d0        0x8 CMakeFiles/PIDStick2.dir/Core/Src/motion/motion_interface.c.obj
                0x200000d0                cali_y_sum
 .bss.cali_z_sum
                0x200000d8        0x8 CMakeFiles/PIDStick2.dir/Core/Src/motion/motion_interface.c.obj
                0x200000d8                cali_z_sum
 .bss.cali_x    0x200000e0        0x8 CMakeFiles/PIDStick2.dir/Core/Src/motion/motion_interface.c.obj
                0x200000e0                cali_x
 .bss.cali_y    0x200000e8        0x8 CMakeFiles/PIDStick2.dir/Core/Src/motion/motion_interface.c.obj
                0x200000e8                cali_y
 .bss.cali_z    0x200000f0        0x8 CMakeFiles/PIDStick2.dir/Core/Src/motion/motion_interface.c.obj
                0x200000f0                cali_z
 .bss.ekf       0x200000f8      0x1dc CMakeFiles/PIDStick2.dir/Core/Src/motion/motion_interface.c.obj
                0x200000f8                ekf
 .bss.euler_ekf
                0x200002d4        0xc CMakeFiles/PIDStick2.dir/Core/Src/motion/motion_interface.c.obj
                0x200002d4                euler_ekf
 .bss.mpu6500   0x200002e0        0x4 CMakeFiles/PIDStick2.dir/Core/Src/mpu6500/MPU9250_I2C.cpp.obj
                0x200002e0                mpu6500
 .bss.pid       0x200002e4       0x2c CMakeFiles/PIDStick2.dir/Core/Src/main.c.obj
                0x200002e4                pid
 .bss.accel_fifo
                0x20000310       0xe0 CMakeFiles/PIDStick2.dir/Core/Src/main.c.obj
                0x20000310                accel_fifo
 .bss.gyro_fifo
                0x200003f0       0xe0 CMakeFiles/PIDStick2.dir/Core/Src/main.c.obj
                0x200003f0                gyro_fifo
 .bss.angle     0x200004d0        0xc CMakeFiles/PIDStick2.dir/Core/Src/main.c.obj
                0x200004d0                angle
 .bss.controlNum
                0x200004dc        0x1 CMakeFiles/PIDStick2.dir/Core/Src/main.c.obj
                0x200004dc                controlNum
 *fill*         0x200004dd        0x3 
 .bss.forwardduty
                0x200004e0        0x4 CMakeFiles/PIDStick2.dir/Core/Src/main.c.obj
                0x200004e0                forwardduty
 .bss.sumduty   0x200004e4        0x4 CMakeFiles/PIDStick2.dir/Core/Src/main.c.obj
                0x200004e4                sumduty
 .bss.received  0x200004e8        0xc CMakeFiles/PIDStick2.dir/Core/Src/main.c.obj
                0x200004e8                received
 .bss.state     0x200004f4        0x1 CMakeFiles/PIDStick2.dir/Core/Src/main.c.obj
                0x200004f4                state
 .bss.ifdelay   0x200004f5        0x1 CMakeFiles/PIDStick2.dir/Core/Src/main.c.obj
                0x200004f5                ifdelay
 .bss.KeyCode   0x200004f6        0x1 CMakeFiles/PIDStick2.dir/Core/Src/main.c.obj
                0x200004f6                KeyCode
 *fill*         0x200004f7        0x1 
 .bss.hi2c1     0x200004f8       0x54 CMakeFiles/PIDStick2.dir/Core/Src/i2c.c.obj
                0x200004f8                hi2c1
 .bss.htim2     0x2000054c       0x48 CMakeFiles/PIDStick2.dir/Core/Src/tim.c.obj
                0x2000054c                htim2
 .bss.htim5     0x20000594       0x48 CMakeFiles/PIDStick2.dir/Core/Src/tim.c.obj
                0x20000594                htim5
 .bss.huart1    0x200005dc       0x48 CMakeFiles/PIDStick2.dir/Core/Src/usart.c.obj
                0x200005dc                huart1
 .bss.hdma_usart1_rx
                0x20000624       0x60 CMakeFiles/PIDStick2.dir/Core/Src/usart.c.obj
                0x20000624                hdma_usart1_rx
 .bss.hdma_usart1_tx
                0x20000684       0x60 CMakeFiles/PIDStick2.dir/Core/Src/usart.c.obj
                0x20000684                hdma_usart1_tx
 .bss.uwTick    0x200006e4        0x4 CMakeFiles/PIDStick2.dir/Drivers/STM32F4xx_HAL_Driver/Src/stm32f4xx_hal.c.obj
                0x200006e4                uwTick
 .bss.__sbrk_heap_end
                0x200006e8        0x4 CMakeFiles/PIDStick2.dir/Core/Src/sysmem.c.obj
 .bss._ZN12_GLOBAL__N_113__new_handlerE
                0x200006ec        0x4 c:/environment/armgcc/bin/../lib/gcc/arm-none-eabi/10.3.1/../../../../arm-none-eabi/lib/thumb/v7e-m+fp/hard\libstdc++_nano.a(new_handler.o)
 .bss.__malloc_free_list
                0x200006f0        0x4 c:/environment/armgcc/bin/../lib/gcc/arm-none-eabi/10.3.1/../../../../arm-none-eabi/lib/thumb/v7e-m+fp/hard\libc_nano.a(lib_a-nano-mallocr.o)
                0x200006f0                __malloc_free_list
 .bss.__malloc_sbrk_start
                0x200006f4        0x4 c:/environment/armgcc/bin/../lib/gcc/arm-none-eabi/10.3.1/../../../../arm-none-eabi/lib/thumb/v7e-m+fp/hard\libc_nano.a(lib_a-nano-mallocr.o)
                0x200006f4                __malloc_sbrk_start
 .bss.errno     0x200006f8        0x4 c:/environment/armgcc/bin/../lib/gcc/arm-none-eabi/10.3.1/../../../../arm-none-eabi/lib/thumb/v7e-m+fp/hard\libc_nano.a(lib_a-reent.o)
                0x200006f8                errno
 .bss.__lock___malloc_recursive_mutex
                0x200006fc        0x1 c:/environment/armgcc/bin/../lib/gcc/arm-none-eabi/10.3.1/../../../../arm-none-eabi/lib/thumb/v7e-m+fp/hard\libc_nano.a(lib_a-lock.o)
                0x200006fc                __lock___malloc_recursive_mutex
 *(COMMON)
                0x20000700                . = ALIGN (0x4)
 *fill*         0x200006fd        0x3 
                0x20000700                _ebss = .
                0x20000700                __bss_end__ = _ebss

._user_heap_stack
                0x20000700      0x600 load address 0x0800f290
                0x20000700                . = ALIGN (0x8)
                [!provide]                PROVIDE (end = .)
                0x20000700                PROVIDE (_end = .)
                0x20000900                . = (. + _Min_Heap_Size)
 *fill*         0x20000700      0x200 
                0x20000d00                . = (. + _Min_Stack_Size)
 *fill*         0x20000900      0x400 
                0x20000d00                . = ALIGN (0x8)

/DISCARD/
 libc.a(*)
 libm.a(*)
 libgcc.a(*)

.ARM.attributes
                0x00000000       0x30
 *(.ARM.attributes)
 .ARM.attributes
                0x00000000       0x1e c:/environment/armgcc/bin/../lib/gcc/arm-none-eabi/10.3.1/thumb/v7e-m+fp/hard/crti.o
 .ARM.attributes
                0x0000001e       0x34 c:/environment/armgcc/bin/../lib/gcc/arm-none-eabi/10.3.1/thumb/v7e-m+fp/hard/crtbegin.o
 .ARM.attributes
                0x00000052       0x34 CMakeFiles/PIDStick2.dir/Core/Src/drv8833.c.obj
 .ARM.attributes
                0x00000086       0x34 CMakeFiles/PIDStick2.dir/Core/Src/key.c.obj
 .ARM.attributes
                0x000000ba       0x34 CMakeFiles/PIDStick2.dir/Core/Src/motion/EKF.c.obj
 .ARM.attributes
                0x000000ee       0x34 CMakeFiles/PIDStick2.dir/Core/Src/motion/motion_interface.c.obj
 .ARM.attributes
                0x00000122       0x34 CMakeFiles/PIDStick2.dir/Core/Src/mpu6500/MPU9250_I2C.cpp.obj
 .ARM.attributes
                0x00000156       0x34 CMakeFiles/PIDStick2.dir/Core/Src/main.c.obj
 .ARM.attributes
                0x0000018a       0x34 CMakeFiles/PIDStick2.dir/Core/Src/gpio.c.obj
 .ARM.attributes
                0x000001be       0x34 CMakeFiles/PIDStick2.dir/Core/Src/dma.c.obj
 .ARM.attributes
                0x000001f2       0x34 CMakeFiles/PIDStick2.dir/Core/Src/i2c.c.obj
 .ARM.attributes
                0x00000226       0x34 CMakeFiles/PIDStick2.dir/Core/Src/tim.c.obj
 .ARM.attributes
                0x0000025a       0x34 CMakeFiles/PIDStick2.dir/Core/Src/usart.c.obj
 .ARM.attributes
                0x0000028e       0x34 CMakeFiles/PIDStick2.dir/Core/Src/stm32f4xx_it.c.obj
 .ARM.attributes
                0x000002c2       0x34 CMakeFiles/PIDStick2.dir/Core/Src/stm32f4xx_hal_msp.c.obj
 .ARM.attributes
                0x000002f6       0x34 CMakeFiles/PIDStick2.dir/Drivers/STM32F4xx_HAL_Driver/Src/stm32f4xx_hal_i2c.c.obj
 .ARM.attributes
                0x0000032a       0x34 CMakeFiles/PIDStick2.dir/Drivers/STM32F4xx_HAL_Driver/Src/stm32f4xx_hal_rcc.c.obj
 .ARM.attributes
                0x0000035e       0x34 CMakeFiles/PIDStick2.dir/Drivers/STM32F4xx_HAL_Driver/Src/stm32f4xx_hal_gpio.c.obj
 .ARM.attributes
                0x00000392       0x34 CMakeFiles/PIDStick2.dir/Drivers/STM32F4xx_HAL_Driver/Src/stm32f4xx_hal_dma.c.obj
 .ARM.attributes
                0x000003c6       0x34 CMakeFiles/PIDStick2.dir/Drivers/STM32F4xx_HAL_Driver/Src/stm32f4xx_hal_cortex.c.obj
 .ARM.attributes
                0x000003fa       0x34 CMakeFiles/PIDStick2.dir/Drivers/STM32F4xx_HAL_Driver/Src/stm32f4xx_hal.c.obj
 .ARM.attributes
                0x0000042e       0x34 CMakeFiles/PIDStick2.dir/Drivers/STM32F4xx_HAL_Driver/Src/stm32f4xx_hal_tim.c.obj
 .ARM.attributes
                0x00000462       0x34 CMakeFiles/PIDStick2.dir/Drivers/STM32F4xx_HAL_Driver/Src/stm32f4xx_hal_tim_ex.c.obj
 .ARM.attributes
                0x00000496       0x34 CMakeFiles/PIDStick2.dir/Drivers/STM32F4xx_HAL_Driver/Src/stm32f4xx_hal_uart.c.obj
 .ARM.attributes
                0x000004ca       0x34 CMakeFiles/PIDStick2.dir/Core/Src/system_stm32f4xx.c.obj
 .ARM.attributes
                0x000004fe       0x34 CMakeFiles/PIDStick2.dir/Core/Src/sysmem.c.obj
 .ARM.attributes
                0x00000532       0x34 CMakeFiles/PIDStick2.dir/Core/Src/syscalls.c.obj
 .ARM.attributes
                0x00000566       0x21 CMakeFiles/PIDStick2.dir/startup_stm32f401xc.s.obj
 .ARM.attributes
                0x00000587       0x34 c:/environment/armgcc/bin/../lib/gcc/arm-none-eabi/10.3.1/../../../../arm-none-eabi/lib/thumb/v7e-m+fp/hard\libstdc++_nano.a(new_op.o)
 .ARM.attributes
                0x000005bb       0x34 c:/environment/armgcc/bin/../lib/gcc/arm-none-eabi/10.3.1/../../../../arm-none-eabi/lib/thumb/v7e-m+fp/hard\libstdc++_nano.a(new_handler.o)
 .ARM.attributes
                0x000005ef       0x34 c:/environment/armgcc/bin/../lib/gcc/arm-none-eabi/10.3.1/../../../../arm-none-eabi/lib/thumb/v7e-m+fp/hard\libm.a(lib_a-s_cos.o)
 .ARM.attributes
                0x00000623       0x34 c:/environment/armgcc/bin/../lib/gcc/arm-none-eabi/10.3.1/../../../../arm-none-eabi/lib/thumb/v7e-m+fp/hard\libm.a(lib_a-sf_round.o)
 .ARM.attributes
                0x00000657       0x34 c:/environment/armgcc/bin/../lib/gcc/arm-none-eabi/10.3.1/../../../../arm-none-eabi/lib/thumb/v7e-m+fp/hard\libm.a(lib_a-wf_asin.o)
 .ARM.attributes
                0x0000068b       0x34 c:/environment/armgcc/bin/../lib/gcc/arm-none-eabi/10.3.1/../../../../arm-none-eabi/lib/thumb/v7e-m+fp/hard\libm.a(lib_a-wf_atan2.o)
 .ARM.attributes
                0x000006bf       0x34 c:/environment/armgcc/bin/../lib/gcc/arm-none-eabi/10.3.1/../../../../arm-none-eabi/lib/thumb/v7e-m+fp/hard\libm.a(lib_a-wf_pow.o)
 .ARM.attributes
                0x000006f3       0x34 c:/environment/armgcc/bin/../lib/gcc/arm-none-eabi/10.3.1/../../../../arm-none-eabi/lib/thumb/v7e-m+fp/hard\libm.a(lib_a-wf_sqrt.o)
 .ARM.attributes
                0x00000727       0x34 c:/environment/armgcc/bin/../lib/gcc/arm-none-eabi/10.3.1/../../../../arm-none-eabi/lib/thumb/v7e-m+fp/hard\libm.a(lib_a-e_rem_pio2.o)
 .ARM.attributes
                0x0000075b       0x34 c:/environment/armgcc/bin/../lib/gcc/arm-none-eabi/10.3.1/../../../../arm-none-eabi/lib/thumb/v7e-m+fp/hard\libm.a(lib_a-ef_asin.o)
 .ARM.attributes
                0x0000078f       0x34 c:/environment/armgcc/bin/../lib/gcc/arm-none-eabi/10.3.1/../../../../arm-none-eabi/lib/thumb/v7e-m+fp/hard\libm.a(lib_a-ef_atan2.o)
 .ARM.attributes
                0x000007c3       0x34 c:/environment/armgcc/bin/../lib/gcc/arm-none-eabi/10.3.1/../../../../arm-none-eabi/lib/thumb/v7e-m+fp/hard\libm.a(lib_a-ef_pow.o)
 .ARM.attributes
                0x000007f7       0x34 c:/environment/armgcc/bin/../lib/gcc/arm-none-eabi/10.3.1/../../../../arm-none-eabi/lib/thumb/v7e-m+fp/hard\libm.a(lib_a-ef_sqrt.o)
 .ARM.attributes
                0x0000082b       0x34 c:/environment/armgcc/bin/../lib/gcc/arm-none-eabi/10.3.1/../../../../arm-none-eabi/lib/thumb/v7e-m+fp/hard\libm.a(lib_a-k_cos.o)
 .ARM.attributes
                0x0000085f       0x34 c:/environment/armgcc/bin/../lib/gcc/arm-none-eabi/10.3.1/../../../../arm-none-eabi/lib/thumb/v7e-m+fp/hard\libm.a(lib_a-k_rem_pio2.o)
 .ARM.attributes
                0x00000893       0x34 c:/environment/armgcc/bin/../lib/gcc/arm-none-eabi/10.3.1/../../../../arm-none-eabi/lib/thumb/v7e-m+fp/hard\libm.a(lib_a-k_sin.o)
 .ARM.attributes
                0x000008c7       0x34 c:/environment/armgcc/bin/../lib/gcc/arm-none-eabi/10.3.1/../../../../arm-none-eabi/lib/thumb/v7e-m+fp/hard\libm.a(lib_a-math_errf.o)
 .ARM.attributes
                0x000008fb       0x34 c:/environment/armgcc/bin/../lib/gcc/arm-none-eabi/10.3.1/../../../../arm-none-eabi/lib/thumb/v7e-m+fp/hard\libm.a(lib_a-s_fabs.o)
 .ARM.attributes
                0x0000092f       0x34 c:/environment/armgcc/bin/../lib/gcc/arm-none-eabi/10.3.1/../../../../arm-none-eabi/lib/thumb/v7e-m+fp/hard\libm.a(lib_a-s_floor.o)
 .ARM.attributes
                0x00000963       0x34 c:/environment/armgcc/bin/../lib/gcc/arm-none-eabi/10.3.1/../../../../arm-none-eabi/lib/thumb/v7e-m+fp/hard\libm.a(lib_a-s_scalbn.o)
 .ARM.attributes
                0x00000997       0x34 c:/environment/armgcc/bin/../lib/gcc/arm-none-eabi/10.3.1/../../../../arm-none-eabi/lib/thumb/v7e-m+fp/hard\libm.a(lib_a-sf_atan.o)
 .ARM.attributes
                0x000009cb       0x34 c:/environment/armgcc/bin/../lib/gcc/arm-none-eabi/10.3.1/../../../../arm-none-eabi/lib/thumb/v7e-m+fp/hard\libm.a(lib_a-sf_fabs.o)
 .ARM.attributes
                0x000009ff       0x34 c:/environment/armgcc/bin/../lib/gcc/arm-none-eabi/10.3.1/../../../../arm-none-eabi/lib/thumb/v7e-m+fp/hard\libm.a(lib_a-sf_finite.o)
 .ARM.attributes
                0x00000a33       0x34 c:/environment/armgcc/bin/../lib/gcc/arm-none-eabi/10.3.1/../../../../arm-none-eabi/lib/thumb/v7e-m+fp/hard\libm.a(lib_a-sf_nan.o)
 .ARM.attributes
                0x00000a67       0x34 c:/environment/armgcc/bin/../lib/gcc/arm-none-eabi/10.3.1/../../../../arm-none-eabi/lib/thumb/v7e-m+fp/hard\libm.a(lib_a-sf_scalbn.o)
 .ARM.attributes
                0x00000a9b       0x34 c:/environment/armgcc/bin/../lib/gcc/arm-none-eabi/10.3.1/../../../../arm-none-eabi/lib/thumb/v7e-m+fp/hard\libc_nano.a(lib_a-abort.o)
 .ARM.attributes
                0x00000acf       0x34 c:/environment/armgcc/bin/../lib/gcc/arm-none-eabi/10.3.1/../../../../arm-none-eabi/lib/thumb/v7e-m+fp/hard\libc_nano.a(lib_a-errno.o)
 .ARM.attributes
                0x00000b03       0x34 c:/environment/armgcc/bin/../lib/gcc/arm-none-eabi/10.3.1/../../../../arm-none-eabi/lib/thumb/v7e-m+fp/hard\libc_nano.a(lib_a-impure.o)
 .ARM.attributes
                0x00000b37       0x34 c:/environment/armgcc/bin/../lib/gcc/arm-none-eabi/10.3.1/../../../../arm-none-eabi/lib/thumb/v7e-m+fp/hard\libc_nano.a(lib_a-init.o)
 .ARM.attributes
                0x00000b6b       0x34 c:/environment/armgcc/bin/../lib/gcc/arm-none-eabi/10.3.1/../../../../arm-none-eabi/lib/thumb/v7e-m+fp/hard\libc_nano.a(lib_a-malloc.o)
 .ARM.attributes
                0x00000b9f       0x34 c:/environment/armgcc/bin/../lib/gcc/arm-none-eabi/10.3.1/../../../../arm-none-eabi/lib/thumb/v7e-m+fp/hard\libc_nano.a(lib_a-memcpy-stub.o)
 .ARM.attributes
                0x00000bd3       0x34 c:/environment/armgcc/bin/../lib/gcc/arm-none-eabi/10.3.1/../../../../arm-none-eabi/lib/thumb/v7e-m+fp/hard\libc_nano.a(lib_a-memset.o)
 .ARM.attributes
                0x00000c07       0x34 c:/environment/armgcc/bin/../lib/gcc/arm-none-eabi/10.3.1/../../../../arm-none-eabi/lib/thumb/v7e-m+fp/hard\libc_nano.a(lib_a-nano-freer.o)
 .ARM.attributes
                0x00000c3b       0x34 c:/environment/armgcc/bin/../lib/gcc/arm-none-eabi/10.3.1/../../../../arm-none-eabi/lib/thumb/v7e-m+fp/hard\libc_nano.a(lib_a-nano-mallocr.o)
 .ARM.attributes
                0x00000c6f       0x34 c:/environment/armgcc/bin/../lib/gcc/arm-none-eabi/10.3.1/../../../../arm-none-eabi/lib/thumb/v7e-m+fp/hard\libc_nano.a(lib_a-sbrkr.o)
 .ARM.attributes
                0x00000ca3       0x34 c:/environment/armgcc/bin/../lib/gcc/arm-none-eabi/10.3.1/../../../../arm-none-eabi/lib/thumb/v7e-m+fp/hard\libc_nano.a(lib_a-signal.o)
 .ARM.attributes